[ { '201711130R': 'PRIVE ADVISORY PTE. LTD.' },
  { '201539868D': 'PRIVE AESTHETICS (NEX) PTE. LTD.' },
  { '201321391R': 'PRIVE AESTHETICS PTE. LTD.' },
  { '201900970R': 'PRIVE ASIA PTE. LTD.' },
  { '201904025C': 'PRIVE ASSETS HOLDING PTE. LTD.' },
  { '201506783R': 'PRIVE CAPITAL GROUP PTE. LTD.' },
  { '201529821W': 'PRIVE CAPITAL MANAGEMENT PTE. LTD.' },
  { '201634710Z': 'KABINET PRIVE PTE. LTD.' } ]
