{
  "change-of-secretary": "Change of Secretary",
  "hw3": "Hello World 3"
}
