{
  "docPdf": "JVBERi0xLjQKJcOkw7zDtsOfCjIgMCBvYmoKPDwvTGVuZ3RoIDMgMCBSL0ZpbHRlci9GbGF0ZURlY29kZT4+CnN0cmVhbQp4nIVUTWvDMAy951f4PHBnSbaTQDA0TXLYrRDYYey2j9tgvezvT5KdtFtGRsHEkvr03pMSdwDzVX0ax78IaOoWzeW1erwzHyXqzOW96ueqRi6NdTw0Zn4x9xMYLp/fnjoHiTqHyYbOkfMp1p0LLiYLnaslRa5JyME2Wd+5Y8LlsU+2kfSp1CLfYuLKQdNjAZnApef5oRrn6vwnqUAbUgACAcj980HJxvW+i0Zui+YTdBCE+SScIfI9i4BaUo3oXATYVkRpq1aOo1jDJz/22aq9/qHx2/4n6aduwKBoA3PRrjAmy44RTMIGnXAkhBQ7RKlHkog6jF5t5WGUHBcGhsAokVpLmoyGbQLvJMOuoVDHhqO91oCeuX7BOS1GY+Z3NR43dy4aFXeSP9P+cEOEjR2sEnihVD8Be93nWRCWjSGitC7cxNtIIouuU1xHxcUjr5et1xlSWT+2YpcXNf/xysuvho45Rrott7wKcWGmxw9mw0qmaPTrVfX8Fpm3IuibON28Sf9I8bHdSuEFCEVJcRXGIob20fz2E8Fo6JcFvnl3hO+q1WrFCn0234/d/boKZW5kc3RyZWFtCmVuZG9iagoKMyAwIG9iago0MjkKZW5kb2JqCgo1IDAgb2JqCjw8L0xlbmd0aCA2IDAgUi9GaWx0ZXIvRmxhdGVEZWNvZGUvTGVuZ3RoMSAyNjk4OD4+CnN0cmVhbQp4nO17C1xUVf74Offce2fmznuYAXlfQEQUgUB8lwOKiiIgoGllMTKDYMAQM/gIWzVX0bK1F1RmSmXlWrnmuoZlrpVlZu7ub9X9rZttL8vtt2T+9u8+fgjX//ecO8OAottW2+7v//kz3plzzz3n+36d74z+xiYPMqCViCBnZZ2rYV69qxQh9B5C2Fa52C+PG1T9Bow/gkupalhYt2RJlhshAvfo+YW1y6pqs7J/jxC/ASG5o9rjchfu5scglDwZno+qhokypV4D98vhfnB1nX9pYljiJ3DfDvcnar2Vro/+q/43CA3xw31tnWtpw++5Oh7uKXy53lXnaXq9sQihFLid8HGD1+e/Ca26hFDlGfq8odHTUHWeP4WQG/YI1TCH4UX/DDAU6T1HeEHUaHWS3mA0mS1WW5jdER4xKDIqOiY2Ll5OSEwanDwkZWjqsOFpI9IzMq/Lyh6J/l/6wzmoAx2F1+toB9qMn4W7Kpi+A2baud1oDWqCmTfxUbyeGwFzz6Lz6DisbEFHyQ4e4ekoG2YROiVw6AIuR3sAxlhsx2M1Io/4In4PX8p38Gf5Y2g07+OP8RW8D2eTp4Q5wrNwjSVvcTZ0BMWjDvwh8qFXyBckm+znJ/Mm9CE5RnagzwAL6A5wbETbUDPQYsdetIJr5kph5rBwDG2ClxeeH8Nb8HGg7hW8Gp1EjxKem4a24JPA11H0F7SalHMrwC6zuSqg/zDAOgb7NyEfj4STWEIKNxzmgHrAtYC9x5IRwkn2Oo9WAOZytE3sEO2aJMBCJfYsfhN3ig+hdnSc3ELuIO/jNXwSv52fhjaqEiAVaCPA3kT3iFV4GfBOX80UOreEr8A70Bd8hWYBwH6LcgQ493ClwFEV2g/XEtECPI3Ha8h6oJQ+jUXHNNP5DNgPEDR3AdcIeUkOWgSjZrQT7UYjSBvaCJAYv+Jo4S+wczP/MfC8Ed/H/QUdI5NRKqriz4GskR2hNoRe1ogCTziM0mTLLi65wL3LOWuu/M68hBFpl93KFo28C5XsMi6TOy5dKpnLRwvzdgkxu0iydhefnPTx1R5+PCJtRslceVdP/uQA1PyKyTBXNheG9A6mYT5/MntGke4SkuFfQcUuubJavsdyT9K4eyyecSNAbKhKaeOrhG0QjTQoymngLyLxItYKKzgeZRw60XkdspzoPNGZGWZNsCYnWBOqeNTtI9HdnyltGtPf/tQopoL/b4d4VC2cRCKqdA4SrBzhiJUX+DyhHa0iAsE8RqLG0v3eIevYsdehjAudmUCrxiJ8Sa95iXjGrvDyua8BAU4ApkGaSwfHWEePmee0zeWwSKKEscI0YSHZhXaJmvlofliCAyfhhO3kYM8nx7HSky2cnNO1ShjOnA99DLTcBLRIyOl05JF2nmsXVmlQu04bL8YQFI/1lhMzdpnL5+6Dxc4x8zoPdQOTGZ1ZFyibQBfQs8dMzDw3f3SCVchJzrYmOBIUPF15DHvexdO7t+3gfdM6pnWd3IGo/Cw0DgI+DjC+4cxFVoyAdc4qCDy2SkRCVg4RImmsAi/SSZ2VSFr6IA8RTSsmq3SCTgu+TS1GJ0hA3aEIKqQJZ0502sb2CkqVFfvQfhkUHR3PS9wtGzCe78wzYzNn1pi1ZjQXLUYNaAPSabCWE4mOD8eR3Bw8lysxLMTV3FK8mFtOGvklmqXaFryOW2l4lHuMtPERIFwdTsDZOIkkkCRuv3KOS1aaP+PG/npdz23rTgqmnkiys2s4XqGsYrK+XpnDr+ArkBnf65yk0XI6KzJLVr2EkNlkNSOz0WowIvphMkp6yWDV66U8o15nQXqhhbxm0u+3mIwGSScSpDXzZr2FakYqn7FLW34zqEdP1TNjl52qSg8mMe/QISsVjeUM6Mo61jq2j3iYULS9QgE5RWSBIp3nRSRoRR0xhksRRosxyZhjLJCKpSLjTbqbpEVSi3Gl8SGjTUJAhF4w6E16cwR2cBbeIkRIdr3dEGWKMqegwXgwJ/OykKodqkuWBusHG1KMw0zDzLJ1NMrBOVwmnymMkUbpRxnGGMeaxpozrbnIiZ2ckzh5p+AUnRqnNk+XL001FpgKzE5rOZqFZ3GzSQlfIswRZ2vmaG/U3SjN1s82zDPNM5dYq3AVVy3VmGrMFdZm7VLTUvN6dI9ujX6NYb1xvWm9+TFdq77VsMm0ybxNv83wvOl58y7rL60fWi9ZPaBCwYSH45zsrFETMc7W4WzuoaKHlz9UW1ienaCMfxPfim99s/qdOzdNW1vOF3U/TGoRs+M7Ln0KumyGIBaNGpyDkQPr1mrXCY4fY2GfAb86aJ+tw7AhJtrBaR1aNIOzmfNjLN2dFzoPWW1MJxc6z1jOwevCOZjIdKZOjG2IbY/9Vez5WGEimognchMdE6OFNE2GNkOXJnmRF3s5r8MbrZt/B56PHQlxGCge7TDhJBlZLSg7C2nScVKiqOFXdO82HHt50eEFlb+6XbmgHMap3Z9gTQf3zLpN+0zcrTcdODxy5M5haXgMlnAYnqR8cOiRPTu3UPt8BfLTdODJijKddlGvQVY9aTF16PZrJFGLtFNslu5DnVngbED9oRPvUcL3lIRtDeOAIobcYU2yZjtuANLCI8j0+IK0zc/t2zfulTVh6TFkj8169EDPbr5iZ1WlIDAZHoFYUA6xIAzFoJecOeDXRBKthCeCledJHiRwB+EdrTp7q3GVHqokYtWhmHCTIEVG8taJdinGwMeCULOAKrB0CJYsENDAZBtr62fuwpewAFzfGcdc/84wLCABC+DsGt4BurNz4SSCT0bJOJkbQlLEIZoh2iE6OW4UHsVNwVO4aqGJbxKWhK0T12keFR/VxIPd4DgcEZZE0sF6gO0EOdxhF7EVtJIzckgSuS+3+YZjp34+/d6lp9/F72DUvbpnvfJga+uD3P7w+3+gVOMVbQt61gsnf/Pb+17hinvOtaxevYbKpBnsagToQELJaL8zJTJeH6EzoR9HiPtMVnlt/Csx+5I6rBsiDCiCDDLqtPp4orXnDwEpvHeiMytLTRiHzlzovtBpeRvsK+D3zvrM2My4zPhMOTMhM3FiijPWGeeMd8rOBGdiSWxJXEl8iVySUJJYktKQsia2Ja4lvkVuSViTeH9Ke8r5lLjg1uCm4IaKuIr4CrkioSGuIb5BbkhYGbcyfqW8MmHQfLAIMAd7OIjjejzampQDhpo4JGfkqOwEKh6w0xxmJtyBD19Y5X1sX0fHxP3rXjjacxFzzz1Ssbfcc+Cm/3Oey65qXuA7tSe1sGfVjirX60+9dtC24t709B0pKd0gq0vvK3PwMtEOkc+MJjtj9JwGmQ4YNC3Ca2i/4SWL1iKIxUasNaApFkv3hM6sM2OZ73WC+Vqo24Fc9Bar01pirbA2WAU8PyzbahfVYJADhpz0esfTP5tyXU1hRwdfcXHDbw5udj0mDv0CBXyFdwPuMDTSGUl0iJiw2GKydhgekTCnRUVUN1Ps1Dov0Hw5ofMCGKktYmzm7goH2CA1GSYH5jJWJgve3bF8eesL+/bl/bTp9be5bT23cFu2bjmwradFtPds8bi/onh9lz4VUqAijESjnFHGJ007pVYrfhLt5FsjHrBuiNJEGlGm3RJFEXeqcYYy+5dzmXvM0fHR1FMd6YGYkdA3gCRkhQspVWfvvoSU89iC0d1nqxZ9+UPlReVOvBaXrf1SWHDytluVw8pvlVPK4VtvOz5tGt6KITvirVOZPLyXPiWHwW5T0FnnBKOBM+nL4uO0Ok4jlcXHx+VJ+rh48LS1eD1vX+tYP2ifld+XDIY8NE7Sx0drUGm01qTR2hPzh9IYc6LzDFXP2ECktCh/Pmf58zkqPebRJurNGlPAp1EK9em6GClGH2NIh2CZpk8zjNeNl8brxxv0MpIhGw2VhuqHhWXYMxzDwofGDY1PlVMTBqesldbq1xrWGm2UA44TJVFPDMRITMRMLCSSRJFoEsPH6lIyUiem3pa6InVl6v2p7annUweB+9/BBMmMPB5CATg/GHhKDovLYOIZEBGpuWeFk3uLtt+0fv2Chyceeuavv73pzdqqt113b/A873z+0Y9+UbWHn7hz6NDycmdBgmnYY+s3701KOpCTM2/WjJJk8+DWu7e8EKfWaZBvyFmQbySa6IwGOa7jTWuN6yQqx4gOqnibEU2z54PizwQVb1EuULGBkZujLdEro++Pbo8WAgYQdE5mAIkBAyBni54o+enbb/+05Imimc/M71F+g0dgcfZTfM4Lw4d/euzYp8OH7xg8GN+ATdiGxyWF/ADoCgN77OcH+wf2gzNBP9hT4filg7vcExx/xxMgfVBHwGg0BIA/CVsA7xhnpEnQmsmPoZbcr22R9GB1PNJabCaKd8Ih+JfFwmLnhQmQviBEZu7+ieqDUKla7eHjsYPGJghS2Va8BDcra2b4Xnvt5FMtLcIW5Y2NPe3rizZt/TVXsRHfoOZ+SJZihHAAzgDxqMJ5XbQetWjATIRII9cSEWZ2WOPjYqKjIiAhhNmstGajFat6yImSBokylPZqzXpiwoTuCfT9UBYE70ynVY/1nN6gN9r5KGuUzR6vBSoTSIIeJ4RlE6CWXUlh7MpJYBcfoXxQjpMnV+PBNe0L8RjlyVJ8g/J4dftC5f2FT1Yrb+GKcuUArqkia5TdpEVx4a2Ka5Oy+zFlAd5Cr8dw0Sa8lfLVArlnI8QWPYpASc4wsd2G2g0P2DYM0sWY40iMI3oQK2EC1nUuEydyVostOwuY5FKyqBGppsTdu/mJJ+DfE09cxDrlrxcvKn/FOqFEOaa8B9cxKJiz8Uic3a74lLVKi+LD9+Fl+E58H7UnN/6QW8GtBtla96LNHByFeMvp99ixKhNOMgluLrrnM271NrqW0vsU0JuCfhCIOVxcIOhwoaCDkeNJ+8ODWq18K3o4+YFQzEmMjjSN0ETaE4daTh/q7O4Xc86woGl529o/5liCQcecCga0Nz41I7U4lcy/PBTwCVeGgsHUrqf53rvtmZ8uefbOT/5T+UA5u+irlc2djS/ub9nU/Mm7OOLPNb8Ttr01etTKxZWe+Mjhp/ae+igz41f5U9b9oH55/KARB59/+8wQqqfXgXma9+gZdLjTJB7gX0L7OQFreTRFyzIdrdG6O2l60zl1JboKXYNOTW9JalrrYBmtXbR/wWpZOJfcBD6sR0PRdGdSpCFWZ1sbFr7PTPYNSepI2a/bZ34tKnZIJNIapoo2m5yfSoP0BTBZVmx0Up+2KCfVlLq3YtjKYe3DCFiu6tYszkRYuJBMrsc06Ki2Ex6Rk02eeqb14Weeebj1mQ5F6XK9MGvWltKf7Rm7e/kvurt/sXz32A7u+ndOn37n8OnTf1Q+Ub6Ijftp2rDXfn5z5QI8DtPT8rgFlTsoH68AH9uADwvUkzc4o6P2IZN9n6DtMG3Ar5H9sVabfmoERAZuCqsas1RLPsOoPwRhUlcRtzKuPe6jOB7PT+4NRmDQHISHvsxgH1S1LzW/hy5deq/5JW7Mcw8++By9tvfsFKUdbpeyX/kbvPa78B+Pnj17FK7QmaGJyTkC5Bwm7rOhfYYO6l828yxic+Rf5l/OpImRzahZXKFZoV2hWyGt0DcbVhhXmFaYV1hWWJtt7ZHnI619Ki2wtX5u6Hv4hedbH3rhhYfOY5ty7vx/K19hK/nw7JEjZ//wzuEvNivvKJ3Kl3BAGAvnADsew+L5ZqDRBz41FE416cgRJq3Vxa+Vw9odxnbdQ2JMu/xQ0gPiBsfTqeExYYjYI2OGyJYYYo/XiWAUtDFBT6D0OKpTj6AngCFwmUDdBW71+Tl27mHHHuzUueNc8S7ZncCzgvpy1wnUYn0qRh4SLZn4wNPKr5Q/3Hp4Ufk7dQcO73tm597WLU8/Wnag0Xdk3ufY8COSHH/o/g/+lJz85nVZbRt/2PrskgZf8+Ahe2T5P3Yvf57qYhXw2QJ8DkKD0VxnkiY+Eq9Fke3SM3w7Wh8e3255IHxDsiYmJiEsDiUmxhijk0E3oJagdj6nNYl6dgs/FPlG1MHogzEHY9+IOxSv2WHbb/vCBlFh/mjGiC2M5dickShbLbXAmoJMgeI+Ltw8453j5nG7az9SLmLLJ2DSVuUl5bPCzfiGdVu3roMrvmPwEGzEtjm3YPMfP8fhLHBuVW6O4x555aknX331yadeobrbAjy54TwVi251JvFRGutaS2xUu8bebllv5NrRKuMGzba4iBgskRgkWcQ4SzfuqzEL1Vig12OhzQRQHjgGc5ILTHHKIZVlGohZzYocdtRPYVRPH5DInva0uWldeLByQvkKjs83Hbz9xXfffXHWk3Da26E8aDYr5/7rv5U/y/LR6zL3bt68d/AQZnv0PDge6NejNKdd28q9yKNVkqghMcIYHY5BvIEd9lh0m3AGBpm7S4yYhbUEKw1tCdakI+9yv3/33Z7Ed4WTPZs5d9dw7nDPWAo7FDMTX0aPcFiLpvAWtZWV6TRaBKdQIlQIDcJ5QVQDJQRJ0f4/napcbfhNpCABRToNZAtaLRIeR6JBIgA4QXMTkDI62wFJ+fzxbatKlReUg9ip8iPGAz8G9HPnSGLVaDWcFYoi+kE4naTDVknS5UkajmgJ+olWL+i0UCMIkhjD3yABv0YA3N1pVWsFWrpEDNjBgXTUYKI18BxC21k6TnJwdk2YNIQbopE1QyRZGqnJkWq45VyzZpm0krtbc7d0PxfOYz0Jw9EkCaeRFO1Q3Ug8gczRztN5tIt0i7XLdKvwfaQVP07srIeowyBdK06Ccu0IVIV34RV4xFvKiqPKikPCyW4t+VvXcCG+G/Go62Oqy0twQOPPAu9a9LBzKGtvUt4F+kGgLtRiK0LaPA74FjkN7xRikFOjs5w4033Gxmq1rKuxiiTK6gSBs3M5XCaXKWRqp3BOzik4tbO4WcIsrYf7IfcQZwnHUSReGoJTyWg8hjglOKuQpaRB2ioZgSFCOz209ORP4S348VM954+CxWziqrr/1DOWO6zW3LvhrJUKPFiR0xmu5ax6JLSaNujQKps2RhoDFplrozHPQh0GUefp7O7s7bfBXybeGx+2MWxrGGEny3D1WEkjAMSB3Ud3vvnGzqPKh8rnymfKhyDEpvPHj58n93bfopyGynsYHhz0iWygQYeWOeM0IELMWUWNmKehotOCsWq4GH6UBqxFUq1FbYKA/AIC5L+kFwguXk8FlzmKG6OZxk3V1HBVmpWcRsQ60YGjxCm4QLwRzxU9uEZcJq7B94iteJO4VW9h2sdAdgJTvYVrO6Sc71kEWr8Yz3/cNZz/+GK8Sid+COgkKP1l9BOOuisfEg7rHDNfw05jZsDZNgpbBZH52pF3wV+7htO4TM+3p/rUoK021KrWoJHmbBLpsAxibPapQQPtL3hPUcMreycpp5UeTE6fxli5dBoKhaXKOuVt5S2lBS8TCpUOkPnnSgeehqNwNJ62TblZ2UIjKt6GF8DrmWB/ir+P2XAYGucchFstqFW3ymaRtHDAgGp/ohXF6Hi7GpVUN2VdcThwOeIdEx23OX7ioAeuYFMoOYGmL572i/BDyn2bNt2njMHvXKQUXlTeFTJ6fvlgy9oHn/30/Q8+6dkOPtQF+L8A/BqoFkwi14pW8dgJsdspaJmnMHxZmZh2gee+BmTSoAO+Ffw+IAzp4pEFVBavoXVgg26rTjefHiForBT5r3rOHe05BxG56yT9NoDpkL+Xxd90p0Ns5SlGbSv/oiRgHUThQAA+cegQ1STrK2TujmcRmMIMXEfIrp4oGnW5v3XfQMP9lB09n+5g/vQ+vO2EOAq1/ctoNUdDaG8MhviZ9P7x44oSoGMR0CGgZKdBZTuGjEM8jbd09RkQsS5TU6JZSVbyvJoAAPG73H923wZ2dHJHoLe4i+nOSrmhigP9aTmLRDWXRRVnY9WWVa354XQI+aQijJ0LA3k6WTUlKPUfuoBzcLzysXJUycNb8W7cplQrJYpLyLi4BA+C+j4NRzyrPKKsVH6gtDFedyl/4ppFGzKi0U6z+Ch6xGTUIGITUZhkspyesSuM+oXUJ+NK1Efg7M4cmGYULHIOuy0iaQiXM9I2mmtee/fqNe1trQ8/Ito+V244e1YZ/9kf8dsffYgPdQI+wMpPB7+JQVucKZFR0WRQjFXgEf0KJc/ypPVhY7v9AR61c8gicViKibAQMZb6p6OclgA3B2sAwqq2E50HD1oDcZg2kPp8rYJ3xVjYEQg7s2bzc4Q5mjv5O4XF0S2RGh7xkXwUHy3E+NFisSnKF+2PuRutjbw76u7ou2O2o+3RVggmyaCqnFFo9A348rJOIyK8nnu9uxAOhNmumc+tve340jtPzP0DtuffHKlc2LFjxxL8wLi6RwqWtOVNeu+6rD+8ccszDbHKH5mvuoH/bex7JSNa5YzFRmJEhBjzENFr2gX6vRE2SChG1PIGJn898G1kLBsoyyfU1gA1rhMQPIO9Y/4IsH2EMjtMj4ahaWgeqkFL0D1IE46HoyF4OBmFi3Cxodg4B1fhJnwnWYON6tdCJJsetain5RBR4bCSo5w8eaTnViG5+1NyrDt7u9KOK95UvxfqrXuqnKKRF5FksJw4dBr8bM9KtELi5oPHQ7TXiTSuZ87YlVcy12nXWEVR0FklvcSyK+RTSE8aS2fvP6cdHmmQVsdrkKDjRcxJRMRm+JsXRrOfDifBP7zqFPbhplOKzKFTyi3KvN9xDsiEJ7nhPdndf+Oae9aQWErjNrBnL7PneKdZQ+1Zg5HexodpEchzwoWQ3YZlh9scdk6TNMqWM5LbBibb2ta+ZvVq0dapTPjwI2XcHz/Db509i9+gesM5VHksb+hQDkBGq/lVnFYDGuMRFKndVFPB9MqyGjvavgepFellfYmezE+mYs62kiSCc44ePWp/yqEowMEdyuPYo567dkJdPJf1qOxovDMm1KXaIOH99g6DUae164ugKpnioCFhrHp+hjQebFV5HQdpqyrM2ieLB1raeCdtVb3Y0THppabX38G/xK9wz/a4tm49sI1rvtj+QlXlebI9oGP23Z+ILjpTLq+HRCTSekik9dDPBVGgVSCPNOr3e8H8SV2U+uvNQXGoX3xetVLCzh9N4xZxzdwKbi23knuA28ZpKSId0bHvPKJIFD8E0QIplZe1OSgHjyPjeKimENQCpICfIkwTndo5aA6eR+bxJdoqVIVrSA2/UKgWK7RNyI+bSTPfJNwprkFr8Hqynl8vrBXbUBt+hNtEHuUfFR4RtwvPibu0B7Ufai9pb6CVBCu7kq5Xv1ZTbuniK7rLyQsX24O9RE0s6CkR3eQcItp0g8xIjNU4DC2xMumI3h9p0SCrWasVS6xac0nMIG3UlCSWe7sh+7JoNWHCGbXHR7XmDMscXDK4YfD9g9vh9fPBHw6+NFgH0Z11GB19u45XtB9T8w/e/ZMD+xqbNj67r3HJfc/u2zdx17I7nyfrly/+8ye0GfnkZtqM5LY89fjPn2ZNyYULlofO+DfBOYP2IMY4I4M9iA2mDvwIYd2HqVabPj+W5R7WQOkMNiD2qv0HwjJQwL44VtyE4+D5HgglT3V0jHtp+dFL6NLR5S/1HH7uwQe3b3/wwefIXu7W/+nc7nbhyVgLr8kuxRFsP9DfHHG3dvzm869+ept5wp9RvJb99ub4KSkt+Dsc+m2KJhYoh7o89OMc0EidEtv35zqX/Xwnhz+GqoQItB2uj7l7IZItQxZ+P7qe70R3kOnoFWEjOsKfRc3c2EvvCza4b0M+fjjy8lXoDnpPktBocQ/aAvtbuE+RW7DD51j0OnzeAdcr/GfwGYE2w7UKri0ij47Q54Bri3gWYH96qVt4H+0WumH+FnRELAT4x9l8l2CCuXvR+3wTzKeiIyQe7QIYbXC5hWZ0PdxvIzk4B+jYSWnWHAX6AC/wlYiqUTtqx3Ecz9Vzz5JM8jbP805+gzBBWCccEjmxXtwlvq3J0yzS/EIbp23QntEV6XbqTuu6pHDpYekv+jH6Dfpd+r8YRhnqDVsMuw0njHZjofE90zDTctN20+/MMeadFovlFibRHJQKtoMCv5B4jGqAd3Dh8El/exSFb+iV+6O9OoDwC3c4sItHTwfGBOafC4x5GO8OjAU4h74WGEOKgQpJHdMK6XhgrEex6ExgbLQ9gYO/VjOhkWFbAmML0of9OjC2Ij7sA8CIeR0QlBn2cWCMEXhYYMwhrSMlMCYwnxEY8zDOD4wFNMhxc2AsIrvDFxhrUaKjJTDWo3GOHwfGxuRxjk8DYxOqHh8bGFtQ+Pg1gbEVacc/PsnbsKyxZmG1Xx5amSpnZWZmywuWyXk1fp+/0eOqS5ML6ivT5dzaWrmUrvLJpR6fp3Gxx50uXbF1FN1a7lpct8hbv1DOc1VfZeNkzyLXnCa5stpVv9Djk12NHrmmXm5oWlBbUym7vXWumvrgmjJXvS/P6729z22f4RxPo6/GWy9npWePVqf7LKjy1gNWPzBR7fc3jMvIcMP84qZ0n7epsdJT5W1c6Emv9/insGWUBspFL+PyUJ/HIy/w1HqXpKbLX4PidHlq7bKGap9cU9fgbfR73HJVo7dOzm30LA6QEsTBJNSkSqgvGkkKYQfOXLJKWq+YpRHX/JOuVMjX1qV8GeYan+SS/Y0ut6fO1Xi77K26HIoklXga62p8TPw1Prna0+gBXAsbXfXAehrwDmzBNpAYyDlN9ntlV/0yuQEUBhu8C/wgsRoQgUuuBKIlWOmv9gTlVFnprWuA5XSBvxqgg5Q99T6QXiITSWIqAHPLLp/PW1njAnyS21vZVOep97v8lJ6qmlpQ0lAKkW2Qy7xV/iUg/sRURkmjp6HR626q9DAw7hpgrGZBk99DaZD6bUgDNVfWNrkpJUtq/NXeJj8QU1cTQEQxNKqiBLBNPlhP2UmT6zyUa4kZiK86rQ+ONIozw9so+zygB1hdA6QG2L8MNSUOwDZQQfslVXQM0ZJqMKwrNlA1VDU11gNCD9vo9so+b5rsa1qwyFPppzOUvypvLRgbZajSW++uoXz4xklSOYBzLfAu9jAOVCtiBPQaQb3XD2rwqbNUKw0hC1Cfyb5qV22ttMATkBqQAV7i6sentx7solGu8zZ6BmRb9i9r8FS5AFG6SlT/p3WuZeAtsN1dU1VDDc1V6wfTgwEAdbndjHNVdNRBXY1AV1Otq1GiiNweX83CekbGQtVXYRO1UFclAPHRHUF6fJdjoiAlQMAE5qodGEBgT5COEDQgr752mVzTx8wlyk6jh/5Cmq2lAx8VJNVL0D08YHOeRrZpibfR7ZMTe/0wkeIOPpASqdsmMpGBZgoD/rLAA55EoTaBDqhMFntregnzLPWDx8iuhgZwL9eCWg99oPIOkOlACiml2uWXq10+gOip7ycTanUh63bLTfXuAMEhUiVGnMrhtbTq89ZSr2Zqo0pyybU0eoCvBBc2uCpvdy0ExsAP670SNdV/zKj6oYKABSR6aqsoUdPy5SnFReVyWfGU8htzS/PlgjK5pLR4TsHk/MlyYm4Z3CemyTcWlE8rnl0uw4rS3KLyeXLxFDm3aJ48o6BocpqcP7ekNL+sTCoulQtmlhQW5MNcQdGkwtmTC4qmynmwr6i4XC4smFlQDkDLi9nWAKiC/DIKbGZ+6aRpcJubV1BYUD4vTZpSUF4EMIG4UjlXLsktLS+YNLswt1QumV1aUlyWDzAmA9iigqIppYAlf2Y+MAGAJhWXzCstmDqtPA02lcNkmlRemjs5f2Zu6Yw0GYAVA8ulMluSDlQCDDl/Dt1cNi23sFDOKygvKy/Nz51J11LpTC0qnpkvTSmeXTQ5t7yguEjOywdWcvMK81XagJVJhbkFM9Pkybkzc6dSdoJI6DKVnZA4JLphan5RfmluYZpcVpI/qYAOQI4FpfmTytlKkD1IopCRO6m4qCx/1myYgHVBFGnSjdPyGQpgIBf+TWKUMfaLgF0Kp7y4tLyXlBsLyvLT5NzSgjKqkSmlxUAu1WfxFGYBs0GeVHlFAXqpjujcldYBq+juAIOT83MLAWAZJQMmpH5rwbryl1Z6GvzUtgPOrYZGFkbV2JnGrFYNAmDCU+vBcdU5NoS0BJ7Fso4a3UIJm6bjNDX0svAB1g2ZSA297sUeiIA+Gkq8jZKXBpMlNT7m6ZAC67xqzpN9rlpABruoF7FVECtdtbDN10tmP4eSgsmwobEGtixprPFDMJFdTTDbWHNnIA03BtIU40AOcUCxhIKDSn+jx9cAWapmsad2WTqsbaS5jFFSUw+1Wl2AdSa+Sv+4YKnglxcy4G6vX4KKLl2WJFZxfevS6evWst9NHSSpdZD8TeogKVQHyd+wDpKurIMCQb6SQfIFc8YABWqoYJG+Ta0kB2sl6d+jVpJUPfzTaiVJddhvVStJ32GtJIVqJfkb1kpSv7rgG9RK0tVqJfnr10pSn1qpr/v2K5cgn0OQ+K7KJSlQLsnfqlyS+pHLzo3fdckk1Xvlb10ySd9pySQFSib5m5dM0uUlk/xNSiZpwJJJ/kdKJqk8d87M6cWU7Nxp36g6kkKcf5vqSApWR/K3qY6kvtWR/I2qI2nA6kj+NtURNdZ+jtJb+EhXLXzkf6Dwka5d+Mhfo/CRWOHTv3b4+wWNP7jeyYoGKR0+0q/ZucpYUnN7TUYNRJCl6Q3VDRmBMHZZ5wxNQl7UgJahRlSDFqJq5EcyGooqUSp8ZqFMeGXDaAGskFEerPEjH1yNyINcqA6lwWwBqof16TDKRbXwklFpLywfu/PApwf2LIZ3N6yUvgbWUb1YywHTYsBF/5tkPaymdLhgzz+GcTKMFsG+OagJVlTCWheD5mE7XIwjGaDUw3sDrFkAcGtgnQz7vYDdxZ5dDqeMQfEBRV543X6VpwPPzmEU+gCul2HNAjqz0eh+qweGUMV2qLz6A5qgvPuB8nEoA17uwPrFsD4d1nnhsxG48bC9jYzvdIDhgT1T+kALyiGoiys1Tp9R2XqYfjwgJS9aAmupNr4bGVNIU+HJMlhTzXbWwLMGRref6ZNKoJHtoBZAoS6+TCqX8xGyoaZ+NnQ1biR4DcS7qjMXjPpK7UprltCIb/GSvpaHfPd+ObC+QzzXwBOJjfxshlpZHZP17TDnBQ38PVooZyUMXh2DFrL+GkZTNXvmCfC1kGGpD2g9LaB3VVsqNtXGVHtOY3R5mfbr2f6GgIepGLwA1R+wsZqAFbgYDFXSUgCmn1FxuT1VsnXUDlXoQQh0tUq7asse5q+q7SX2sZJEpjm6180+fYyuStjjCvAnMS+oBAutY1D87ElQPlUwqg140tBeGkMYaFyh9PvBflXrpxhDMqEzDcxr3IChku0OUuNmHPiZrS2Ap372VMUhXQNDWsCbK4GyJgZFlckSZgPVLOr4A5KpY3N9OQry0NjPKlVqm5gM0/poh47rmD5VXUt9IogPdqddhY+0Xj4zWASRGWTVH1TYNQGp9tf+tbkOSk6ltqHXov2MrpDVhThawuRR97UwBL2hikXt+gCHnj4Y3eyd4khjn1QSi2BFJYOnrgnqj9pxbSCyBTVUyXC7GcU1AUrHMe8sD1DnAoheFhlCOugbi0ISuDIS1MN6f8AbfP3WBn0lJLG+MaDvPpnx7GKUSyw297c1VRpqLnFdQ59eluXkgO7r2GcofnwdXfhZJqKZ0xXgKL2fpK61l8pkWSC3qNipzKsYje6AJdUyO23snVEppTJ199F5X6sLZlAXy4g1LGbUsjuplyM3o5Tqq76PNBb2y6sqpmAMdTHrUW03iONy+fj+Lk9BKqUAByELczEdfX0K+uO5XB4D0ZYW0Hct21dzlWgu9WqnkcVZF4srIbjBGV+vRQb95fLs4QnEOQ/jIohpCePKzfYnDpAPE3v5vnyHBM+C2Taxj5WpPlN4WX5ZwPzd24fWpoAfBO1kMTytGUBiHrSUybk+4MkN8FKzl4tFVE/vjr56V2kOzkgDeko1i/Ay+/QFaPQwS7qanQRj3UCx280yQT3Te195DSRVqY/k+urwm/qqj0XNYK4OeVvQk2jlUNtbezQGdvSH2MAs+nZ4XxjQmJoPqVVJvVH1nxmprs7VgoCP+AP5sKpXUtNQPsNTjIrgjuIphrtydCPUkaXsWQHMyVDHlcKTOXA3GWYnM73ksif0eSLzxhthTCEWo9kMlgqjFN4p7HkwQ2HL7J7ezYD1RQCL7s1HcxmOfIBWBpQVw5jCngmzhfCZH1hHd0yCmdlwT8dTEa1CVXxFsKuc+Q7dR2lRKS2H+RDW/lQVMIxBymbCXSnAnxZ4mguwCxg8Sn8aq4/ouChApyq5UgadyohCpjAnAUWF7I7OzobPElhXxuSZy3hWqS1iPEyB5yov+YwCVRMqRZPgswRw0xVTga5yJgWKqTywMo3pkfIzme2nWGewVSplxQEt03EISnpAliodVP5zejGXMf4L4SUz/sthppzpJhfgB+EGbWcqg0Dplpg0ZjP+cpkcihmGPLaOSpHKs7DX4kr7aGUSkxfVG6V8MsOUyyRSNiAnQWh9tTOQdUi9GKYy/vKZpArZ6jKQYz6sL+idUe2xgPE6KSBrFaZq96pNFPaR7iTGI9XsLMCaH7CpXCa7/lxQPd3I6A9xoWogN/A+qY/MQtovCmg3SE85w1w+gFRuZL6Yz1blMl2X9frIFOa/MwOUz+61sFAMmB2wz+JeyvrLN+hHwXVfJ3aosIK4+2twMrOnwgCFZb3SUFdI14Crxq58yGuV7Jzj743b/TN336oxVI32rTvT+sTavpWAGoWnsrV1l60LzaqnJTVnhc46fWu3gU7YwdOxWssHq95Q9aHGbvVM1LfqdbP6XK0Bfb1ViZfVgd7eymQJexrK6Q2B3om33zmPYnax3J/WiyuYi0Kw1LrSxaoFis03gDSvnqGkK06GDSzfq1iWsLE/UJlQ/poCa+n8nZedhoP9nyt1IA+ogyAvA1UOfeXfyPTdEDhL1TAJ03oyPQC3EQXPZSGZUAmofbW6y7Qesj4KbRy6vKtAZbCwD+VuJmsJqT06ilNi8SrY4/rXd52+677sv1M/SOrXD7q88vrn9YOkAftB8vfcD5K+Vj+ofyVf2YemUK8juPLrdVAH6rBI/7K+knxFX0n6/32lPn2lUIfhf2dfSeqXYf91fSVpgNPav0NfSRqwrxTi6PvpK0nX6Bd8P30lCf2jfaXQt07fZV8p5G/9+0pXy75X7y6p53O1kvh36y5JqH93aeDuxvfTXZKuIV25jwT/vbtMErOxK6uZ77/LJP0bd5mky7pMobPu99llkv5ul0n+3rpM0j/QZZL/aV0miclgDkCdzqhVpZ0Lz7+/3pE0oM7/Vb0j6Yrekfwv6x1JV+0dhXpA//zekfQP9I6uBfef2zsKRtarZ5QrOz7SN+j49O3SfJcdH+lbdXyuPLN9s46P1Kfjc62+w3fRofFfAd+JQp0GieGhd+nf4jdXGUwut8OVwWhzs6opndWvDTDXvxq79m/O2P9ZVv8P+g/QTWiAvw5upfPSRYV02cn/JJO/ZZG/tpG/mMifFXJBIf8nmfzJRP67jZxPJl/dkyt8pZBzbeTLNtLZRf7YRf5LIV+MI3/II2cV8nkW+exMmfBZGzkDC8+UkU8/yRA+7SKfZJCPFfKRQj7MIr+3kw/ayGmFvG8jv7uLnHqV/FYhv4Hlv7mLnDwxVTh5FzkxlRz/dbRwXCG/jib/oZBfKeSXCvmFQo61kfeOxgnvKeRoHHk3ixxRyNtrrMLbMeStcHJIIW8q5A2FvK6Qgwr5uUIOKOQ1hexXyKsKecVK9q1NFvYppOPlV4UOhby8d77w8qvk5ZX83p8lC3vnOy+RvU7+Z8lkj0J+2kZ2K+QlhexSyE8UstNNXjSRF55PFl5wk+d32ITnk8kOG/kxEP3jLrJdIc8p5FmFPGMj2xTy9FMm4eks8pSJPOkm7bCkvY1sVciWJwzCFoU8YSCbH48UNrvJ45sswuORZJOFPCaRRxXySJtReEQhbUbSCpta28jDD5mEh4eSh0zkwS7ywP2vCg8o5P6N84X7XyX3r+Q3/ihZ2DifbHTyP0om9ylkw73pwgaF3JtO7gE278kl69fphfV2sk5PWmCixU3WgqTWJpM1VvJDhay+2yqsVsjdVrJKISsVskIhzks/uOsu4QcKuesustxNmssdQnMyuVMhyxSy1ESWGMhiiTQpxN9FfF2ksYvc0UUaFOJVSL1CahPI7QpZZM0TFpWRGoVU30UWwk2VQjwKcSukUiELFOIaRyq6yK0GMl8hNyvkJoXMmysJ87rIXIncGB4p3JhF5ihkNmCenUfKHaQMW4SyQaTUTmZNDxNmKaRET4oVUjTTIhQpZKaFFCpkBjyZoZDpBRZhehgpiDUKBRYyzUimKmRKG8lvI5MVMokbIUzqInmvktwZxKmQiQq54XqbcIOdXD/BLFxvIxPGG4UJzktmMt5IxilkrELGjLYLY7rI6FEWYbSdjMrRC6MsJEdPRsaRbCPJuk4vZCnkOj3JzNALmUaSoSfpI3RCuoWM0JG0LDJ8WLIw3E2GpdqEYckk1UaGpiQLQ3NJSjIZkqwXhphJsp4MVkiSQhLNJAH4TLAR2U3iu0gcsBDnJrFGEgMSjFFIdBeJyiORcBOpkEFuEgGSilBIOGwKjyQOhdgVEqYQGyywKcQKvFrziOUuYnYTk0KMhnDBqBADrDaEE71CJAvRKUQLy7QK0diJ6CY8POTBAhwEZolCOLjnRhBsIUghuAO719yHh/9v+EP/agKu+Rf7fwGHtGfjCmVuZHN0cmVhbQplbmRvYmoKCjYgMCBvYmoKMTI1NTkKZW5kb2JqCgo3IDAgb2JqCjw8L1R5cGUvRm9udERlc2NyaXB0b3IvRm9udE5hbWUvQkFBQUFBK0RlamFWdVNhbnMKL0ZsYWdzIDQKL0ZvbnRCQm94Wy0xMDIwIC00NjIgMTc5MiAxMjMyXS9JdGFsaWNBbmdsZSAwCi9Bc2NlbnQgOTI4Ci9EZXNjZW50IC0yMzUKL0NhcEhlaWdodCAxMjMyCi9TdGVtViA4MAovRm9udEZpbGUyIDUgMCBSCj4+CmVuZG9iagoKOCAwIG9iago8PC9MZW5ndGggNDUxL0ZpbHRlci9GbGF0ZURlY29kZT4+CnN0cmVhbQp4nF2TzY6bMBSF9zyFl9PFCHxtkxkpQsokEymL/qhpH4CAkyJNABGyyNvX5x7aSl0k+gznXj7Ddb497A59N+ffpqE5xtmcu76d4m24T000p3jp+syKabtmXlb631zrMctT7fFxm+P10J+H9TrLv6d7t3l6mKdNO5zipyz/OrVx6vqLefq5Pab18T6OH/Ea+9kUWVWZNp5Tn8/1+KW+xlyrng9tut3Nj+dU8i/w4zFGI7q2VGmGNt7GuolT3V9iti6Kyqz3+yqLffvfvSAsOZ2bX/WUojZFi8KtqsRCtmCnLAXYK3u9HpRXr+BSuQzgFa8L+EU5KL8yo7Ub8gb8Rn4Bb9nfgXfso/zOjPKe/J7YFsx4MP0FGbv4w9ku/jsw/YNm6F/C3y7+2Ltd/LWW/uUeTH+ntfR3Wkt/h73bxR97sfQvt2D6izL9PXyE/gF9hP4BfYT+HnsU+nvNLO8fPkL/AE+hf8B7EPp77UN/0T7093AQ+nvN01/gLPR3+F5Cf6cZ+gfN0F/g4+gv+KaO/is819F/VYLpX2K/jv6l14FcJg+jibPzZ+RNc5+mNO56wHTOMeFdH83fQzgOI8r09xtBq+ThCmVuZHN0cmVhbQplbmRvYmoKCjkgMCBvYmoKPDwvVHlwZS9Gb250L1N1YnR5cGUvVHJ1ZVR5cGUvQmFzZUZvbnQvQkFBQUFBK0RlamFWdVNhbnMKL0ZpcnN0Q2hhciAwCi9MYXN0Q2hhciA1MgovV2lkdGhzWzYwMCA2MzYgNjM2IDMxNyA2ODQgNTkxIDYxNSA0MTEgNjk0IDYxMiAyNzcgNjMzIDY5OCA1MjAgNTQ5IDYzMwozOTIgODM3IDYzNiAzNjAgNjM0IDI3NyA2MzQgNjM0IDYxMSA2MzYgNjM2IDYzNiA3NTEgMjc3IDMxNyA4NjIKNjEwIDczMSA3NDggMjk0IDc4NyA2MDMgNjEwIDYzMSAzMTcgNTU3IDc3MCAzOTAgNjM2IDYzNiA2ODUgMzkwCjQwMCA2MzMgNTkxIDk3NCA2MzQgXQovRm9udERlc2NyaXB0b3IgNyAwIFIKL1RvVW5pY29kZSA4IDAgUgo+PgplbmRvYmoKCjEwIDAgb2JqCjw8L0YxIDkgMCBSCj4+CmVuZG9iagoKMTEgMCBvYmoKPDwvRm9udCAxMCAwIFIKL1Byb2NTZXRbL1BERi9UZXh0XQo+PgplbmRvYmoKCjEgMCBvYmoKPDwvVHlwZS9QYWdlL1BhcmVudCA0IDAgUi9SZXNvdXJjZXMgMTEgMCBSL01lZGlhQm94WzAgMCA2MTIgNzkyXS9Hcm91cDw8L1MvVHJhbnNwYXJlbmN5L0NTL0RldmljZVJHQi9JIHRydWU+Pi9Db250ZW50cyAyIDAgUj4+CmVuZG9iagoKNCAwIG9iago8PC9UeXBlL1BhZ2VzCi9SZXNvdXJjZXMgMTEgMCBSCi9NZWRpYUJveFsgMCAwIDYxMiA3OTIgXQovS2lkc1sgMSAwIFIgXQovQ291bnQgMT4+CmVuZG9iagoKMTIgMCBvYmoKPDwvVHlwZS9DYXRhbG9nL1BhZ2VzIDQgMCBSCi9PcGVuQWN0aW9uWzEgMCBSIC9YWVogbnVsbCBudWxsIDBdCi9MYW5nKGVuLVVTKQo+PgplbmRvYmoKCjEzIDAgb2JqCjw8L0F1dGhvcjxGRUZGMDA0RDAwNjUwMDZFMDA2NzAwMjAwMDU3MDA2NTAwNkUwMDY3MDAyMDAwNTcwMDZGMDA2RTAwNjc+Ci9DcmVhdG9yPEZFRkYwMDU3MDA3MjAwNjkwMDc0MDA2NTAwNzI+Ci9Qcm9kdWNlcjxGRUZGMDA0QzAwNjkwMDYyMDA3MjAwNjUwMDRGMDA2NjAwNjYwMDY5MDA2MzAwNjUwMDIwMDAzNTAwMkUwMDMyPgovQ3JlYXRpb25EYXRlKEQ6MjAxOTA5MDMxMzI4NThaJyk+PgplbmRvYmoKCnhyZWYKMCAxNAowMDAwMDAwMDAwIDY1NTM1IGYgCjAwMDAwMTQzNjggMDAwMDAgbiAKMDAwMDAwMDAxOSAwMDAwMCBuIAowMDAwMDAwNTE5IDAwMDAwIG4gCjAwMDAwMTQ1MTEgMDAwMDAgbiAKMDAwMDAwMDUzOSAwMDAwMCBuIAowMDAwMDEzMTgzIDAwMDAwIG4gCjAwMDAwMTMyMDUgMDAwMDAgbiAKMDAwMDAxMzM5OCAwMDAwMCBuIAowMDAwMDEzOTE4IDAwMDAwIG4gCjAwMDAwMTQyODEgMDAwMDAgbiAKMDAwMDAxNDMxMyAwMDAwMCBuIAowMDAwMDE0NjEwIDAwMDAwIG4gCjAwMDAwMTQ3MDcgMDAwMDAgbiAKdHJhaWxlcgo8PC9TaXplIDE0L1Jvb3QgMTIgMCBSCi9JbmZvIDEzIDAgUgovSUQgWyA8QzBGNTUxMEYwNjlFRDM2OTA5NTcwNzM0QkQ0NTQzRjc+CjxDMEY1NTEwRjA2OUVEMzY5MDk1NzA3MzRCRDQ1NDNGNz4gXQovRG9jQ2hlY2tzdW0gLzQzMjI0NkM3MkRDMEVDODA0NDFGRjU5RDQxMzZFMjMyCj4+CnN0YXJ0eHJlZgoxNDk0NwolJUVPRgo=",
  "validation": {
    "validated": true,
    "log": []
  }
}
