{
  "docPdf": "JVBERi0xLjQKMSAwIG9iago8PAovVGl0bGUgKP7/KQovQ3JlYXRvciAo/v8AdwBrAGgAdABtAGwAdABvAHAAZABmACAAMAAuADEAMgAuADUpCi9Qcm9kdWNlciAo/v8AUQB0ACAANAAuADgALgA3KQovQ3JlYXRpb25EYXRlIChEOjIwMTkwOTAzMTMyOTA2WikKPj4KZW5kb2JqCjMgMCBvYmoKPDwKL1R5cGUgL0V4dEdTdGF0ZQovU0EgdHJ1ZQovU00gMC4wMgovY2EgMS4wCi9DQSAxLjAKL0FJUyBmYWxzZQovU01hc2sgL05vbmU+PgplbmRvYmoKNCAwIG9iagpbL1BhdHRlcm4gL0RldmljZVJHQl0KZW5kb2JqCjggMCBvYmoKPDwKL1R5cGUgL0NhdGFsb2cKL1BhZ2VzIDIgMCBSCj4+CmVuZG9iago1IDAgb2JqCjw8Ci9UeXBlIC9QYWdlCi9QYXJlbnQgMiAwIFIKL0NvbnRlbnRzIDkgMCBSCi9SZXNvdXJjZXMgMTEgMCBSCi9Bbm5vdHMgMTIgMCBSCi9NZWRpYUJveCBbMCAwIDU5NSA4NDJdCj4+CmVuZG9iagoxMSAwIG9iago8PAovQ29sb3JTcGFjZSA8PAovUENTcCA0IDAgUgovQ1NwIC9EZXZpY2VSR0IKL0NTcGcgL0RldmljZUdyYXkKPj4KL0V4dEdTdGF0ZSA8PAovR1NhIDMgMCBSCj4+Ci9QYXR0ZXJuIDw8Cj4+Ci9Gb250IDw8Ci9GNiA2IDAgUgovRjcgNyAwIFIKPj4KL1hPYmplY3QgPDwKPj4KPj4KZW5kb2JqCjEyIDAgb2JqClsgXQplbmRvYmoKOSAwIG9iago8PAovTGVuZ3RoIDEwIDAgUgovRmlsdGVyIC9GbGF0ZURlY29kZQo+PgpzdHJlYW0KeJzFWMFum0AQve9X7LlS8M4s7C5SVMnGOGfLSD1XrtoqqqNE+X8pwGJD3tjGbW3sSAaeh7cz82aWIbOnzXf9613Pis2r3nbHYqNM4jMTP7r5exgCHJLuXAey3bne7tSbflNrta6/98fm3p3y5JPGhrL68s/wkkzqEpdTHmrc4GVj/Ft9+6JfVENpkmAMs2VLrVN4XXuwjyN6/b59UbMYoVpUarZympyufupo/xAP1U6F+jzV1Q/92Lj1VVfPqqzqEG68ZnpYk9s1Q/NLBCwC0au0B9IWIOqRrEV8DzgEfAtkZ1hDZDU9kiPJHO8RFgsExDKFcF64JpxftoDrgXI03hUAZCbT1u+1JQIpCcWWgIVQT90yRSB1T+4XjSWX917EirNnEi4kwWIhj6EFLP3x0hD1he1DOQLzUWBxvCcnybm9w25E7iC0bE9MOS1BegmgjlSiShPFln4OLtYo9X6wEeFiQTGhCccOJO4Ri3Uq0sgp3iQ3XEksvcmgEdkh4BEIx5M/IM1HSecinhOsN5eU2Q015QWk/oheIiMX5LkY26l5+feb+xUALkV4K8iAvfKjzp/ZOHLYrfokd4PNABCDTYollKEF1mH3QBjs/wEtBGksbrJnWPEBIMcYwVogxxItStwThKsrFNsgh8ghkp4aMaYQn/l/xBfpESnG9EhSIW03Pg1MrqG14BDiC2BUfCkcAv/QHhdw3KQbuvFwQCq6QZCOJ2S6QZezOwxdHO6wqD287IqHvpjaLKHuYhS811zXRJKejET6Of4ugjPsBS+hbrpY/bFSOfy/Ra/VB51GzJEKZW5kc3RyZWFtCmVuZG9iagoxMCAwIG9iago2MDgKZW5kb2JqCjEzIDAgb2JqCjw8IC9UeXBlIC9Gb250RGVzY3JpcHRvcgovRm9udE5hbWUgL1FOQUFBQStUaW1lc05ld1JvbWFuUFNNVAovRmxhZ3MgNCAKL0ZvbnRCQm94IFstNTY4LjM1OTM3NSAtMzA2LjY0MDYyNSAyMDI4LjMyMDMxIDEwMDYuODM1OTMgXQovSXRhbGljQW5nbGUgMCAKL0FzY2VudCA4OTEuMTEzMjgxIAovRGVzY2VudCAtMjE2LjMwODU5MyAKL0NhcEhlaWdodCA4OTEuMTEzMjgxIAovU3RlbVYgNDguODI4MTI1MCAKL0ZvbnRGaWxlMiAxNCAwIFIKPj4KZW5kb2JqCjE0IDAgb2JqCjw8Ci9MZW5ndGgxIDE0ODM2IAovTGVuZ3RoIDE3IDAgUgovRmlsdGVyIC9GbGF0ZURlY29kZQo+PgpzdHJlYW0KeJytewl8W9WV97vvSZZ3S5a1etGTZcm7JFu2FXlJYsdrvCZ27GyQyNKTJSxLiiTbcZKSBGjDViA0UJZJA23DEMI6ZWmgtCVTtg50urFMmWnpjwyFKbT0G9p+Q+znOfe+J1l2Utr5vrF/TzrvvnvPPcv/LPc5oRBFUenUEYqhqOFRW708Vvt7GLkZrvGp4ILv9YFwNtAXKEp/p59ze7mp3n+mqMJDMNbkh4HcmZz9cP8k3Jf5Z+L7fxjJ8sD923D/SjDscT9S9MDXKKroPrj3zbj3R6gm6iqKKk6HezbknuGWnc/K4b4C5rxKIaYR3UZJKUp6j9RBUcgsfDP3UT46H0lpOo2RSqQ0I6GoA8eOUOQHc6IGw6EwtZFilxelN/PdyCEzouc2Umh5eZnMoVER8CwCxgwloyijwqgwwwcqklCLLPP9xY1S6iLFSr4PW1IDyxeY09IBKouilEYVMiFjqSxNVv4j+i2+NYLu4G/aZx9zFEsHLJ99V/JioW1PFqz5BBinSf1UIawxOxRpGjX8qoyNTU78q2got5RbTKWyT9BmI8rKKCnZzdN7iouyMlFmuqJAZ2mXvHz/xWPRouJcOTKbkTxHrz1A/+uJKoM8z0DRFNhH+rh0mjJQpSCgUZamKVhhjxxoZbPGhnIGfs4s/eduEyop8vDbxvSO9ejfTOhtl806uvThluKiitD7H6GX3hyxsGqtzGzO09q/Itl98a4byqskZrNEoy6t3oty6LKlfwW9svku5lPmBOUitgAN0lQFGqWyySlo1GhUpcnwL4IPU1q5pdHibHLUa9QONUjmRBY8qzwbnVXVqjXGX70uR7IMuaIaVVmUBdoMHX9T08SOkVazBRUX2o2u8qySslJzO/9MnlGfp3EwJ8xKVVF5F1+PPquozM/ITE8zm6VZ2cbcDYuhL23qRKbSmiq9Tp2HWMOOU/S3SmylOXKAKk31gwdHmccpHVUGcoMzHPUgjgbLWFpucYKMTjCZymwU5AOtfkFz3mM7OjtqDWqv76unZ+cROrD/6Xs8nqVj6EGpXG+vbxrbuIlueT0Wr6/bX3BDZN/Rw7/47XXXIOSdOtO8vcxpNKCN7Rg9OSDAM8xjlBVuVE1OsIVK3NeEDSVAwwHeUqdAA0QoN6OB6AFnWRnS6ctM1TWqfFWtHRXkGI3r+eoukzZLgtLS5Uoda8lEKuaxH72OjKbq8sJCUylSVl7J9w1aCvPzYbVGbpJvQZ5TbEluDsori2B7mAA/fkB0LdUK2Dci7Kq0ciyKA0uCrdNIBAGH1hPoFmCfYgLVgyux9RoIgKV+/k6+scGQm5snR8Xmwcal5xzbLKqiigEH+t1bfl9vN9oy+hDS7u3qCi+2KXNzMl/wutHwlmtaJukDNIJffu6IocZsXmeIM8HDbDUyG9ix8fjVu64w8wePVddk0ydoNDZ67eGRYSVI3rf8EXMDWLOF6qUoMxiwHAzZ2EBM1yiIlKbSJMYx+LDQapUCB4jaiW2sIsAEbTFQNVhnNd3z5bKmtj1t60sqprwfV9du3WC20EitM1vUWrRj+6mF4ebifKkkJ1Muz1a17uPqi4rRXdUjRhNCNdXr+q8LyfWofeN0R/2mttbxsusbHKWm6mabVo/0Ouu2vl5UwbbXXMe/el1RSWYWQuk5revuRCbjCXRFq67Gbnf1We2IopcnIU/dKr2VyqMaACsYKAUCULB+SkXiRowoMaZSkgkgpqK6BH6qq/DnES93and1DdJrjboieb3dqNWoszNRRnquXFdcnosKpLcmplbBMp5d9H20L2o0mkr1upz0qhpUkF9TdTt98501bG42Bg7BMvOf0luoDpBP0ZSQQzRuAjkJ7FjKCb4Fwyfw3Zgq7WC4fWPH0DpnkTI3U6tp59erNui1WUyewmiy1Tc09WVlFhf28M1tJmVOtiw9T6FTW3NRvvSWpcmFstLqml3tZ/jvbDfocnLLygqUFvkQ6rzTZtWpEUTMMF+0R63JUyCIgIKM4qJxpu1kmSk3R27CevQtvyvNg/xZC3ooTRYxFHEqU6fmBolgbUFPgh3JTwyG9bH4fcdmQm0bWpr3z911Hec9YPBdf8Oz/KPfvhHt3nn/qee/cmtVfmGBLls6zTt+tHsX2tR1552/OvelY729LueZgqdHx9DFZxd/ePbMnit6NQgVFNpBIu/yBfoNwHUztqxJTEIkqwvBJ+YLk8IhStgomJhgw5EAA32bsby5bVcPOI817Ln9h+jKPbNjQaNKA1mjcGR4squm2l5/2+01tUMDh5oGHQp5RkY28xj/ylcaG5DZUrOuotLa4/n6FwYGSzKRDvV8ubunssLVZbP29bS4JiKDAwhya7pMC/J2Q0bdDPJClUZpKyjFkiRQWy7aFVuVSMdstkzPXHMyFj96+KljExNafXVLSb5EVlrWxrVu2TJ8o3u4qRHtfnrv5LXXvPv2sWOou2+gXK21qFqa2RLU57nv9KGrUWftAVyFAId/JlmAQiSlXhaEghVXj6fiz4H67/tKf1MTq87N1Gs7+BblRj1Oq4bSgfm5LCi5/XxLQZdeS6BXbMlDBdX0xy8gc/m21kP8woRBLwIvdwTNH2p2omv44ivUxXiwrJRDY6cx3oS4KVj+A90qeYEyYu86VCYsE0mijrSErRoVJrE5QJvffFOvrWRZg6LctLF9kw1yv+p4U4urVl0leYH/WffSozsMLFIpKyfr6vU6u9VL+43qxoZesw/ndjN45h3AdiF0B5RGaWp0KI2NRqWDwRfsDZeRMSmNjNKoNMauOPtc1zIEwa7RXWiLe3TPQ+e6l/lPrtiyi39kTwiN9vJni9DLW9HECHqZd+FrhD+zVaBoHZogGfk3zDPQ6SipSqitJFywR5QkonCmdcoTqSppe3iyGfV0x3fuvfcL9yC0qTMw7T5/NPRil2tfY0tzidVe5qps7mro0+npr33w4AOjG9GpF/nHPjr9QF8/ev+FP/O/efwOVG+PnkXNH9wbsxvbRv/hW2DlUXSE3k5rcN8KvYlxlJYuXaQ1X4Unh5fflUjBJn3J6CLxpRLaMrVQkstLk9IJYbY60IiTxIJCcgFz1pxvtW+b2BWA1qOm7T+e7+mymNHcwnMtDexej06fkwfNlK62evfO4KHNvYXFrvJHH+3rh95mX+SR6QNOrS4/LwtSRPWxkWG7FW1oH1nvGDjka1rXt3nLvaF9KENiNOTJregnt/duttk7OnbWNThqSib3trh6useOTwdQgx4hRZ4N+xyqOC2DvJxHVYOGWPS01MqxusVYlYIrq0qKECoqqcJ1oOgwys3Sa9v5TZs06ryclEpxS2IK/iziS5fY8aISjHSUm1NSPI7cJ2oNQpEA67fx3cw7EJ1d1DjlB3lEwwEqHEljg3gmtVin08RMl/BFStWDX1jtBAolMonoEhOTJjgQQ0vwEWocq61Ffu7+a9znq9JlTBqSMLL06nknQu7J013dNVAOFHJ74b7X11+xznnVyc/OX9efJW+S7Wks0EDDidT9dfWdDSP99XVdDcPftmm1qMX7/JPj2xyNd/8aDVX09+24ftKNNiLEpGWq9ZlShumNHNm1GxVYikqUCrkiTUpLM3Kd67bu89w+UefUas0dGZ4SvYYttVvp61Fz68LXJjpcrgOndnYsHm2orjHby9aj9g29Do1Kmgb1/7/4zcyzYLdaOLdQjNmhSlTYAhGcKalMvZLicJKVKpKlq1EEMY30lu6+7pEbd0fQ9fvObG6qrMvOLCnq51mds1wJJw3ovPNLtGbUkJGzrmnUu34L2tU+UWc1M67om/vr7cEv/ux39xxBqrxa/sM9Wn1entlMazL1Go6Z3K7TZmejnMP8Q5HSluqaId+5n+4b0uZjJHYuv8ecAx2UlHkFiYL4TuJPTWmi0jpFT9LUj6++CqHmlin/4R8v+NGGtinfaFNDk9E4MnSte8OGQC/zGDp57LGDV1+9sR2dvumRq79wqLV5o4EdHjn4yvHb0cjwDz69eS+Of8hE45CJIBqUYhYCLImIMqatVKhE89SYCGwx9YoNpL95x/brvjHR8eyh9o2R2/nf3lBXr1WX6vTytlaNuYob7EelekPN5v4hkGC4rGxj+96/m5Jsvn6gD101suOOk/U7dx94/OiDcBopL9KokUxqYNOyQMrgcL+zpALOBSWZNuum9hFf+4YHwGJbwGIPkpMihLJGrAErBVX0P5gQiTA3ifGCNQge3RcJTFV97epbfT7fwZce2H8chcMv3f9d2pFvNLauH9gBqWnHxr3WDRuKzKi1+fbjj3PhmW8/cfOZGx/+7L3zLx6ZRvS5a4bc+yKtrdCUn/z53DjSqPCpZRJsuQAnBFzfZUaZRDCiLKXhFgzpXMmQiFkY4v07UMa9X6yu6ejYEt9/wLlOoy7TqZS2/sHZHduHR24MPYck0oGHnq44ecMz07t2b2i3rENVFY5CjQrJ0o2NaMfEkYPTgZaadDoPS4HPKSdBih58yhXTFj5jiu2amNgSAdEIh/i1I5esQafpuZwsQ43NTnfa7dXGzGyUm8FW19mXvmPfWq5buhHlZrLV9rql5+xjFm1OVgk06HRXnb2azcqm30LXTZXq8rVwJFcrDEbv4h1+Vq/At/WGg+gk70m5ZaZXTQVt2iBA8iBLF+Iq9Dk5+SDKzdbrevkNGzTq3BxZeq5Co6+A1CW95WL7eFEx9BRi2mU23mMuTfS0If4suot6hbxxICgCjilVIHHwDE25nHAGUJiVSjjFWMxN7Y0O6LT4szWlvd1b8nMzkBLa5YY6OEa6Wq70T+zAfiilqLT/A36og9MiwqkmxcIW8eCPkPA+QLNyjCTPEdO99GmhecTOV9i3mdVImWsu34qOoI/QBXTENlEGLXCxecS29H37hEm99EfJ7OLcFwxVYLZGQ4yZ21FZpFKaL74jMZsb2OjijSuPbrx4E0imBIScAcnwiSnhYxlaK0JCRkHANNhSjH0T82P0L/rCOkdFZSt/DgQZrQFBQEz+5k1qXZ/KTHeW2MorEVqPClFmK8rJKyxskg6ATzXVNXuXlviHkwKhdnqdR68zZZrN8LDsSr4fff0KGyA7NxvkzIITxxMgpxPkFOVQKUhEJdq/hhScahRiPXSmHPGYn6B3HSPVqorKufnXfhmL29jSsgEHvblhrEyP8nLKzX3dgS8GAgAgOH1Ly83mTWxk6RevRaLDWwYHrt3+Jzr/UAWMooay6NITI5zP5YJeBLW4du98mzbjkzeItvzvy/8hfUiIewZcnRSKONZ0ed8XogjTVmQZtqG37ePgz7LFawR/g3fVLSVsc0mzdGBRxuQeYquIGy/eIOlcfH7FlY91alQFGWAlB0TIftgdOlfz5UI4AS8Qgt6/JkLHzNAPkdg1iwEYnDKSAKwzLiyeIJGJK1QPeGI/9IJ5eBcEiU0hh+oARz0FLVQnBS2kNQUNteljlH7+hX/8R/63/G+e/x76t+/+32dmbkC3znzru1cfQteHpdPo5Vf5n/P/9Npr6JWXUBvqeP2JvmMP8t/hv/UPN6A7TqAOtPvs9XhXiCBJNWhmIkhd9abFuepNC+l+8PuJVe0naI6+CfAcaiDvV5SoEL9g+cNTVwV6e2fCL9eva97YUFVRMjXYX1bW0THWMEwf5GfXvFcxl2/fufD3U344wfVkSaRbho9ODPZbzEqw+3qQ7nGQzpg4D2ODr/G1GFsmpeT+PEuWkq1vHP1eIQ7cF3C8fGNPRWOZJc0ilw7w58fKXMWFFz9NOlgCzUJBo3MXWg97VcFeT8JeLmwHIzkEJVpyo9jFiC824MginuWcChECCeHQw6gqVtGQZjbn5SgrKrfxb6bLVErX+9HGBntbR8Xsxd/abTWGnEyEdGVjdokqr1ylK6yr9ErppQ9M1jhfMVlcqlIivn2nUgUVQCG3tV3NP2zWyFmDl9l3tKTCzL91VWWFilSh48sXUJg6D4ihzGt6a0RZoaAjg9FqMxiNhvNJygbjeC2ciSTPgLa4G9Iwa16tqSzkFZSAaKegquROY/zi+4l3aLQvWF0jV0Cjn6XXXev5uw3rIVvPy/jbwK+zzLTgV6RSG9iFxYdHDarMLKRRtzYn3vHhCq7FeztSYgk2ZgnSMO7LSYpRyIW3Cw7wJNm2AtlPnZzc+/B5fu6dw+Mf3A0/n+yMmdE6NoGmru777v8Zf+H5n08WI/TNbyAN0n7j6/ilOqLG+M30IahzOvzGUzg3yZX4vdvKOxaNmj50l/e2oaG77/7TweERcL3OYt7QxofNA77jL/7gDdSI0HKoqnNu/smnf/DWozdt3TYwCJxrICudhV4JWxOMSYnhQY5sKc2yjJYZBdwwZ/csvov2Hr9teGSGG9oC5zH/1L2nwzPIvvmBz9rQZLCm2lRaiKT8RTPqeO2fHjo6uhX69Mi3vZ6rpm/1+77+FP97Z7pMr63FFmVh93OweyZ+D4bgFG9SQMsC6IUad+7p00vn6dnQab4MfXoLfw/yHWGuWbyZvn9pD8gNyJE+Br7A58+Ul/Oi+EzibLPyBwJESpbwNl18wZ5os5Kv2JlOZFpoad659KyrWJULpzXb+/yF2oyMQv0gb6i3tLmcfWgj/8dQ/+AkHdtSVGL/8R8qszKy5WpNL/q1q6yptnYr/Xt+6ClrHRRXlJVeoChQa+W9aDd/oiW/QMWqVIzZLFHgEyw6gY6dqq/D92pNkaWbfxXVNRUo1QUKVYaMNpuZPE15eQD73gq+Hxd8r2wUjnM0uENUSzxKW7/qu2V4CH317j8fHBmGemXUl5W3rZd6q/p9t//gxTf4V3l+ecbcOT/79FMvvvH4jaNbhwaw/d+DOHwJMncuVQJbmRjhVCm8nWbWBqbfsj0NmYw2a6kBSUKrohRNMVUNhRvgsI7Mln5t9aIdHtUKYVsLYYsoxfIF5mPmBI6h1X/lsKS6AJnEv2co0GNFFUqV6o031QjJsuWKBlTdqDQV8c9V8uc0ygJDfh3+20WBwWTn0+gcZ0lOZl6aBCJXKi/pXvwdI23SqhUZ5M9WSLg+2PFL+Z681j+Kf8xa9bM8yXdBN3YrzEtLDsIamZHvoibkeAZ0a4RT6k99mgsV0UBIKGoArk+kL1Ny+M5mvkwN0A9ROdJxygR0H+1a9sA4vt/MFFNeGOvG82gXVQDfZrg2w/xRSYw6AmOtcN8moZb/C7674BqFawtck8DfBM/bYM+QrJgqhXslXFnSl5f/HdY7gO4FHqWS96j1cFXBvOPwXUnWPUSNAY8auFi4z4N7K1wX4F4BKqjg10ZdSd1L/Qk1oKvRO3QffQ/NMz3MKeaXkiZJUPJNyYeSP0l90kfS+tLOpn0o65TdKvtpuivdn35n+nsZzoybMn6YsZjpzPxS5neyVFmOrEjWI1m/yNZlN2Wfzf6XnNycftEX9VQAv08S79b+9DA7KUp8zpNPhswsIXeYpqlcOl2kGSqK3hRpScocKaWltSKdRpXSvSIto95OzkmnLPSfRDqD+lJGiUhnSsczvinSWVQ09zORzqZ8eUGRzkl7kr5KpHOp3Xk/TepyWG4VachR8kdEmqZkinqRZiiXQifSkpQ5Uipb0SzSaZRCsVWkZVQwOSedUirOiHQGtangeZHOpM+qEvbMolyasyKdTTk0F0Q6h9mp8Ih0LmXV4rd6SMKAbNnaLkJL8d9BtdsInUbGOULLyPg+QqcT+iihM0QfCbTgI4EWfCTQgo8EWpIyR/CRQAs+EmjBRwIt+EigBR8JtOAjgRZ8JNCCjwRa8JFACz7CdGaKvllEl+OEzk4ZzyX0/YSWY120TxAa/7UsX/s9QhekzFcRPgKtThnXkbU/IXQhmSPwLE6ZY0ihy8j8XxG6itAfE7qW0BcxnZ4if3rKXtkp49kpuuRh/Ph0GdQYtUBFKI7yUW7KA98sdQauMcpP6EEqTIXgiouzWGoT3EWBxp9uGA+QGSyMBGG9FahOMu7+/+RkS0rGUqPwJEjNJufEYKwPvoX96qC/dVF2qlak6sloO6wIwvdWWDMFMsTJqq3ALwZXlJqDTy/sEaBmyBhLDcH3PJkThjE38H+UyI+l88IzPBalpmEsDNb6f9eMhVEOZArArnEiC5aEhXs8Jy5y3QZas9QIWc9SFrLfIHwOw94+oiGWEK/jgGuMyO4XuVkvkan5r2gqWGYKbBwkWjZT44RXLCk7tuo6+GThvDoIox54Gobn2BZx6L1X+AvcV3iPgCaD8HwIZB8Dv3XDtQn8g+lhGMU6dcPnABnvgpFR+MQe7AEuXfA7SEbHoBfMJBe2fIBoEr8EvYlxwYoRImWE6ILnJnx3qc8EtIXBBthnEVi/kGLjgIifWWJplpokTxdg/mxyTw/czaX4c5asxfcr8gj+niHzBUlwnASJPTmCbI6MTREuHLFoCFZhf+8Qd/PD8zkyLwxy4EjDyBH2jH+OZRK+mice5ghyAqJkWEYv3OFxD4wFiX4+Yr2Zy9orLOqFLcalcJkXeV5uP6+I+Sh8T5J4FqSeFD0TEjlfzkPlRKvVlsJos14GFZfuLIxjW8/BJ84lbtg1KFo7RrjF/+LeVhKPITI/RjgtXOILwU+roxlbR9g1Rvh4YNRHNPhbfM6KWAyRDBKCu5V9cUbyEksL8ekmuS6akutqkrOjKbgV9Iv/VUsFSTQHkh4SNFnhN0/8P028mZrhfCIuVmaGYa6Q+2aJxTF/f1IfQa5UdOOcgdEg2F+IqoiIjwRK12Lo8zRawUcf0f1Sz2ELY/77YJwjvBPaeMi3h3g1tMYH0TX2XuGM9QuTTOoVc/0czBMybiIP/C3eT/ATYhLH6pzojZUYS/C71I+CtQQN4iQHxC8bxwmPudfY2vc/knbFypfu4BErzKR4lyqRoA9GUHOSA6587TBaS2rNOqqBckJ9YeGzDu5qodI3wGWncOe3jeoXZ9rhaR08aRBpJ+WAC69qohqhK8AX5o69FQfJmqHDsIG98K8V9Fgb8R6S+f5SncBUJ4nO+SQuhMocELMtlmmU6CnkjQXR+lGCU8wVR+g4mR8XfTBAvOdNIgD3Mw6ouSuZLZrSh6xksEtzvY/k8hjhgqsZfupe02kkuCfuE/1Maqcg4GCAyOsVoyJEsIwzmlusrDUpOJonsnoIOgNk/3mSYVmiV4xEjFCtcNTjPi4uRqMQvThLYJQJ0RhK1qJJEgVhItnaWpHAqZCVcNzFSCYJixbAXD3EMjh7+0hssqsQGiX2WekvBdkSFgmLkR5IZlrvKt/HyN6cGHkzYr+4ugP4fCyUixZaqcCJHCTUxs/HidAjXuq/VAsLNgqJkoaSY1GSZaaIv4Q45aj9JDJDxFtzYlUQaptgo7mU3iphVQFFc6RTn0vGhI9kytTuICz20ALmLl/l/7YYE7TrIMgRcB1Oyi/gMpDMT7FLLC5gzpvMSF6CkURGmiW6C3uOEF4R0iHMkjyZ6ApHSLecqM81ScQn0DyTrC1hsRrEiKZBEXV+4sdEJoyKlQ1rFyOen10VP1haHHGra/JU0h9Yb2yXIOEveBhTU6RSBkgWF3pgD/F5hDxdXU+m4ElYPFV4RN/MwBrB1hMwz0t2WKAStXsln0yStdOirIKFZkitcFMHxB41tipXYKwLp6RExxJelUO9BF+zq7yY4Owmp55wCjehM4gQnyysmukV+/I4mSH41fo/rAQ2Mn8GuNvgM04yAZbLRrr5PYS3EHVCfowmzz/W5Mr/3R3niScSOfF/Y5fEM9uaip/kPbYQ4XxuD8eeYcf8HIv/4X8chthN4WgkHHXHA+EQGwl6rGynO+7+K5NsmBk7Gg7O4pEY2xeCdXUul70WPuqtbHswyG4NTPnjMXYrF+Oic5x3LDDDxdghbp7dGp5xhx5kx6JuLzfjjk6zYd/nbsZGualALM5FOS8bCLFxmLptlB1xx1kLOzbIDvt8VtYd8rJcMMbN+2GaNcGpec2mIMzUbNAdbR7nojHMvd66rp6tGAx4ouFY2BevJPNhOpk9Mjo4NjQ81tfdt6l9rG94iB3uZgf6NnUNjXax7T1bu7oGu4bGcjJzMsf8gRgbT5gX0yBiJBqOcNH4AtYuqRmYLTwVdUf8C0TiANhnNsaxkwvsQngWr/SE54iesyEvFyV8QO+ZGGbiZoMBDxeC6e6pKMfNcKG4ld0By/zuOY4NT8bdgRCsjK8SBms1745yLBcAZlHWG4hynnhwgfVFwzMrcoVhr/AUR6bMw8yVdV6wfDQwORsH1iBmOMSlKlQeSwjFxaxJUyQXA+1m59zBWfdkEMSOxbh46moruy0U5GIxojzRAnQS3RwPw9JYhPMEfAHPpZqzYMVQPBCaImvdXm8Ao8UdZKMEdTV4OEpsC/vF1woVDMwEsEKwCZk3H45Ox+IC4HxgCzIYngf0zU4GAzE/3gd4CeaecS+wID+4KrKADbdiodUbEXv0+VaUc4cW2H2zXIxs4wmHPFw0JGoQFeUmk2P+8GzQC6ifCwBwMQYuVR/PA09yAYgswWN4XlJHEAs2iLs98RUfY8XcotS+y7MlIicXeCBgJrkEI9jHHW/GE7aNtrO1bMW6Bmcl66xbV2tvsNszMrb1w6C9rq6hAT6dDifrbGp0NbpyMv3xeKTZZpufn7fOJBzvCc+kxgTHdkbd89gWEMwgFHAajbsBGwsgfjQQC4dq2PGAJw4aDLijXmyAOpejnoAtSnIIAVgS9b5ANBZn3ZEI5xaTBp6Ov3GeEZIC2GAgHPKCK0LcfCzihmCtITaa9wc8fghNdt4dY71cLDAFYWVl2b44uBHcOzsZ48CNIRxFkxxowiWiAtsUoBT0xtiZMAgQm/V4AN6+2SArGDTKEYzFgBsWBFSbCmDQegXtY+w8oB8A5uXEBLDGChBuQgBjBEE0rrEJZMSkfoLAIFEImIYwFQ3PTvkBhCy3Pw5uB+SAkhxOs3MkW2FRwURz4eAc9oRvNiqkA4gNbLmUkL+Mx2C7DncMbB3G/MGWAYynWEJwsJwXA8k7S4A0G8MrR7hohIvPukkqHAmSeK7BhsdmnsHREoYwiMUXwLUevzuKQQjc4gFPjIVwI/5xe90RMZKnsB7cfg8XDGKFg1A0JgPBAGRgT3g2EkzEyVQ4DKUCZAnPLIDUEwEvB46cjQk4mQyHp2NEoBn3lPsAZNSYgIooByUJJ5awgFBv2DMrqIgnu4OxMJkGySASdAvZ3e2FXB4PYF2tfyEIbP74TNA2E8f/n882E9sTx64DPEZx/bHih3/jwnkuiJH415fgO5sY+GQ2NURasBnSlIXIiws4tqAcaB2ugvsPSeOReJ44CHmFQwxzD/ME8zzzPbjOMc8yD6fwcpM2JHH/a8KbW7UXt4ob4ScpkdRJ+iU9kjb4dMFsN3nl5xWbHz96HN3PUKQFbIf5UXJIwzz6xJfV+KiGW1t8NwB3PdD2Jg50+MX3NFCd5MVMj/givxfoLiJrPzkUCC/thcMYfnG/ldgDy22lKOq/ATbWfjkKZW5kc3RyZWFtCmVuZG9iagoxNyAwIG9iago4NTkxCmVuZG9iagoxNSAwIG9iago8PCAvVHlwZSAvRm9udAovU3VidHlwZSAvQ0lERm9udFR5cGUyCi9CYXNlRm9udCAvVGltZXNOZXdSb21hblBTTVQKL0NJRFN5c3RlbUluZm8gPDwgL1JlZ2lzdHJ5IChBZG9iZSkgL09yZGVyaW5nIChJZGVudGl0eSkgL1N1cHBsZW1lbnQgMCA+PgovRm9udERlc2NyaXB0b3IgMTMgMCBSCi9DSURUb0dJRE1hcCAvSWRlbnRpdHkKL1cgWzAgWzc3MiAyNDggNDk2IDQ5NiA3MTYgNDk2IDQ0MCAzMzAgNjYyIDQ0MCAyNzYgNDk2IDY2MiAzODYgNDQwIDQ5NiAyNzYgNDk2IDQ5NiAzMzAgNTUyIDI3NiA0OTYgNDk2IDQ5NiA0OTYgNDk2IDQ5NiA3MTYgMjc2IDI0OCA4ODIgNzE2IDcxNiA3MTYgMzMwIDcxNiA1NTIgNjA2IDYwNiAyNDggNjA2IDcxNiAzMzAgNDk2IDQ5NiA3MTYgMzMwIDMzMCA0OTYgXQpdCj4+CmVuZG9iagoxNiAwIG9iago8PCAvTGVuZ3RoIDcwNyA+PgpzdHJlYW0KL0NJREluaXQgL1Byb2NTZXQgZmluZHJlc291cmNlIGJlZ2luCjEyIGRpY3QgYmVnaW4KYmVnaW5jbWFwCi9DSURTeXN0ZW1JbmZvIDw8IC9SZWdpc3RyeSAoQWRvYmUpIC9PcmRlcmluZyAoVUNTKSAvU3VwcGxlbWVudCAwID4+IGRlZgovQ01hcE5hbWUgL0Fkb2JlLUlkZW50aXR5LVVDUyBkZWYKL0NNYXBUeXBlIDIgZGVmCjEgYmVnaW5jb2Rlc3BhY2VyYW5nZQo8MDAwMD4gPEZGRkY+CmVuZGNvZGVzcGFjZXJhbmdlCjIgYmVnaW5iZnJhbmdlCjwwMDAwPiA8MDAwMD4gPDAwMDA+CjwwMDAxPiA8MDAzMT4gWzwwMDIwPiA8MDAzNz4gPDAwMzE+IDwwMDQxPiA8MDA3OT4gPDAwNjU+IDwwMDcyPiA8MDA1Mj4gPDAwNjE+IDwwMDZBPiA8MDA2OD4gPDAwNDM+IDwwMDczPiA8MDA2Mz4gPDAwNkU+IDwwMDc0PiA8MDAyMz4gPDAwMzA+IDwwMDJEPiA8MDA1Mz4gPDAwNjk+IDwwMDY3PiA8MDA3MD4gPDAwNkY+IDwwMDMzPiA8MDAzOT4gPDAwMzU+IDwwMDQ4PiA8MDA2Qz4gPDAwMkM+IDwwMDREPiA8MDA1OT4gPDAwNTU+IDwwMDRFPiA8MDA0OT4gPDAwNEY+IDwwMDUwPiA8MDA1ND4gPDAwNDU+IDwwMDJFPiA8MDA0Qz4gPDAwNDQ+IDwwMDI4PiA8MDAzMj4gPDAwMzQ+IDwwMDU4PiA8MDAyOT4gPDAwMjE+IDwwMDc2PiBdCmVuZGJmcmFuZ2UKZW5kY21hcApDTWFwTmFtZSBjdXJyZW50ZGljdCAvQ01hcCBkZWZpbmVyZXNvdXJjZSBwb3AKZW5kCmVuZAoKZW5kc3RyZWFtCmVuZG9iago2IDAgb2JqCjw8IC9UeXBlIC9Gb250Ci9TdWJ0eXBlIC9UeXBlMAovQmFzZUZvbnQgL1RpbWVzTmV3Um9tYW5QU01UCi9FbmNvZGluZyAvSWRlbnRpdHktSAovRGVzY2VuZGFudEZvbnRzIFsxNSAwIFJdCi9Ub1VuaWNvZGUgMTYgMCBSPj4KZW5kb2JqCjE4IDAgb2JqCjw8IC9UeXBlIC9Gb250RGVzY3JpcHRvcgovRm9udE5hbWUgL1FTQUFBQStBcmlhbE1UCi9GbGFncyA0IAovRm9udEJCb3ggWy02NjQuNTUwNzgxIC0zMjQuNzA3MDMxIDIwMjguMzIwMzEgMTAzNy4xMDkzNyBdCi9JdGFsaWNBbmdsZSAwIAovQXNjZW50IDkwNS4yNzM0MzcgCi9EZXNjZW50IC0yMTEuOTE0MDYyIAovQ2FwSGVpZ2h0IDkwNS4yNzM0MzcgCi9TdGVtViA3My4yNDIxODc1IAovRm9udEZpbGUyIDE5IDAgUgo+PgplbmRvYmoKMTkgMCBvYmoKPDwKL0xlbmd0aDEgOTM0MCAKL0xlbmd0aCAyMiAwIFIKL0ZpbHRlciAvRmxhdGVEZWNvZGUKPj4Kc3RyZWFtCnicrVp7cBvHed8FQFDiS4IokrL1OooUSMokwDdIiqRESwRFSSQlEqQs+SEdgANw4gEH3x0I0ZYfGkkmrTqO7dTjidOkUayZxB6PLdv0pFaT1M24bieu7PEkbceeOknTTONM00zSmfYPS6T67beLB0U/mjbE4O7b3e/9/fbbhWxCCSGryMPETsjYhLe15Get0zDzGHynotpspKDC/gugf0lI4WMxRQ4r3cMFIJCEuc4YTJS+UAprq74D49pY3Do1fn/hdRj/PYwDmh6Sy++qcBOyWoJxY1w+lSQbyBCMD8JYSshx5a9ptBfGGiEbSwm1z9MnCOgveLagjRC6kb/t75OIbd2qAlux02Fjfw5C7pt7mODfKvYY0RM62U2kG9cLfrx0mLYV9tNXdxN648YN5LGxIAuYYjspJKTaVe3aDg9KHOS6ZH/z+u4Cco1IjjfBJHECp7/gCilhfLSNVlZ1+uDlsu1cfOc3tHrMP3CcbvrF4ndtcfvIkv+B+80n6MvXX1v8Clghe2987Khz9BMXqSakfK2vs62yqrJifaGz0Fmzrc5dvr6qsq3V1+lz17nrYG7vpfm3P3zsT/r6U+kLP5+/8MbRO+bPH7uD0juOnZ+/46itnLq/PEMff2LxXSu9e+DLj9Oyq+FIJPL+W9EwpWEFfD1742P7zx1ushl87UAT7NPhanOBJWGr0wdD+64HfnL80IS7YU3xQvHaLt/hw0P+rZvowp8t1NZ0dRxqt2xPLb72pZah+oYd9cP+R23d1z5kuZiDhH0MubiFkDbQ0ulrZWorXDWu9jp3jZPFVeGaW3jwzZkjR9zbF3p6Tx7yD23ZUnBl8T+fpB7v+MTXFo/bLs7199H62/z7Ti/+JeRoGHK0CXLUSgYJ2S4y42tHT/HTkdFdh0OWQrRawWKqcdvRbKGzygkBVqKIvVe58+6Tl+8+Tmu37eze1659EKNtg/MP7+zfdLmqyxeLXpibCjTUuVaXFNV8b3Nl8C3d491wK6VdnWp0/LB7Ez07ta1mKvDI6MDuurr1pWW3bK8tjnv66G2e5Ibk0KB7O90qNbcOe9O/u3b73l4f/WnDRld5xfZ6z77mZuptPNSXhlzdynIFtSiCWtC2cgab8jZKX1rSfvDLWqmq8TdvLCUc7sVzscRE2jbP8msjByAXWyAXG0ktpLtKJMPFgAOZdq0vrK7kQdJqARn7PVeaZk79xa/nH73w6Ef/MDdHr39cdPSOR4JD/sUPbYdLfUfmH5iYolNVl44ee+Jx6qDFT//pk08tfeLaevmuu2lHO336/N4opeMTorpON1hvxOpWsEyy+qJtVmMEUx3WGAc120TBL7YExqdTI/ulB975+tTka3TtOo+3797h/Qv0tsbwyK7bN212uJ8ebfbQltYjV44cfX2xzvZ1rdmzZROlwwefW3zG9uqp3t76hoMjTy5+IFD2b5gF7kdbq6g4xxl8tqHZb6U+OnF4DOpYtFBR2d65zxoPONzPvLyt1td9sO30oml7JN7VWb2VDu9/Z/F7oLd66ZD9t1CRTbAX6yp9rQJgueIgjmqcD63vaeqtra1aW+coWYr/8KMdNVsa/3VhSRuobenbNdmxFH3eRdeXb984vWazo37xq6kz96dt09f+7vLAsfodFKrov/Er+89gl1QSN9+HTtyFCGmMBbYOXc8LmQG3vUt562F1umdnR/v0ybMnDhzwvrYoTU3OzEyMBwL3z44dfuQbdMj/4OlL3zh7ZnCwfsduW9knftu6q2GFBk+8/UE0QuUgQ9A8FLIXbGNfK+9oq7CDsfmFhQXHv7/33rUKhxuARsl5YH0bMlyerTT4VZjdwee/1dfZvuvY8f7bb+/1NJdvcbgvJrfX9ny7jm6r3XXCWPwJQ8sY9Jr/AB01eUgtz8VYKADCtiVLtb33lS0zp1768NwjtLs7ZV54UY9LL9/aP3D00cAUpRPj504O+en5qu9GY9DYil48c2Zg95Gj39x40tcpB3/8TyeCdGA3s1p74/e2HQVfZdjYXuWsw8z6XDUdbS5oaxU1LicDiq/StvbWkZ3Bzs7KKnru3Guvv06LV1Wtb9h88c9dlEpb21qes4Ueo4Xa0pceW/zKSGVVSRmlTPsuiOkViGkX5M4nGmYHh70715QEHjFCli9nVWXmk+vtu15dM7jn9OneXtrufurtgyN1DbR6a3fD/n0Tp0/c09TkulzSvTP2QHsHrar0bjz3g5H9jbe1d4TCp9/TErRv03R3d1vLYF9NlbvFXTuwe9Tfv7NhS1VFbW1ff3TDYa+H1jf4ajZtLi+uad+6rW/XncfGDt3WODXJYrgCjzlylZ3fbVD/K1evXgVczC2pjmqIbAOph9iyNWdOo8t17Kxw2dfnxQyzc5e69w/H5mPRznbas1O/9747/fs8ronx9KmpSTo+aVpHji6pBd+/cLih3j/04JlnLp05OzhE3dt3Ll6zX3pXDkbC//ijCBxOJzXm2Vl4+BCbeHqcXSi48omfsKMYvtW/soePr+n9L3GA3/S3dMjpBkk8jcUfyBT2L42SPWthcONhpxs15f9VOGGqYIo4HSbZC9+ztm5C4D0H3/1wZbgV3gecL+B4DsbV8PbTvyXzthfIeRgfAv5aeO+C9xXGA2tnmV7SRqbJ1+DzN7SFHqAX6Lv0E5vHptkesl20/bO92B63n7Jfsb+NHlUQP+RfeLziz28fJewWgkHi046cRbRf0DZSVvBTQdvJPQVvCtqRx1NANhT8VtBOUubcIuhC8pazUdCriLvwtKBXkwullwRd5PghWmZ0MQmWeQRdQiJlTwi61Lng/J2gy8hdZf+djeWhNeOChlSv+b2gbaRw3YCg7cS7rlXQjjyeAlKybljQTuCXBV1Igutigl5FysvXCno1GaysFXSRTV7zvqCLSUulKugS0lb5rKBL7cfW/UjQZcRTyXYEddjBt5LKa0gXAL22qhhpJ5uv2oh0Ic7XIb0KaR/Sq0WNOM1rxGleI07zGnHakcfDa8RpXiNO8xpxmteI07xGnOY14jSvEad5jTjNa8RpXiNGF+XFW4yxDCFdkjdfhrEfQXoti6UqinQ50OuqUkivz+OvYHoEXZk3fwvKziG9EW1xnZvzeLbm0bXI/zTSO5B+DukmpF9h9Ko8/1fl2SrJmy/JxBIgsyRJFBIhMgnBWyLPwzdAYkiPEJ0k4GsJLonsgZEBNHvKMK8ihwQzGsh7gNqL8/L/U5M365lEJmBFI6ksjwlzw/Dm9lpIN3yaSZOgWnF2ACQ0eI+DTBR8sFBqHPSZ8DXIDDzD6EMC1hQSz3pigF0JuGRhifOrkCEJJJg805iAGx+zwlZktBQSumSY4ZJx1MgiiIH3cdSowoqF3DG0xbJuCQsmRhhCWQvXE6iFvZlPOvqgiliSqJt5FEKvTLTGVhh/GN/c/xRak9BCvlcq6rdgPYHjNOqOCeuK4NVRF7edmddQtyUyEoIRz8zNfBboVDArKry57pCYSWGmWa1yKNGxLgZmVEN55ilDR1xIZSyEUH5GWFVFpGyNZzOXhQhwMm18NpdXVWRXF5GoyJ/CUa6qJiJWQ+8+HROZnWNmY2FrcdSX02GAnWnhrSzyH0JMSwL3mZyF0XYUZ7l8GlZUUUPGo0HtOUZ0eEZhbUZkm2vI7WUZa8XRIWEOQyJ+FaumIU8S9xlHYwIleST56FazyJJg/ZSoTBy9YdjkdTPFTtayfsRxlEOvdVO/MW+KLyRsBFFDCjMdXoZNhdwL85nMMmyHshFGENsSYuAU5tZE3FlYjWi26sx3vt/ZXmrM7iZToCzXj/hqHCsik/tQnnvN9IZwNYc0bj2M2UriLpnNRpGxzeTTuC5jJgxhg+0hnkUL5TMeZ7QnEUNx7KEZ3zwr+mrPsqqxfhdF/LPq9pApYS/Ta1mv7IKnBDfcEayBgfuB76OGPF0jgOvc6CXEuSH2fRy1T2dr/H/t+bwuUdEJFdHfcn2Ka52E80Aih1Begl+LzN4IPMfAdgSRm8kYw6aJ2Y4JbR4yCnwBOD388N0DETF6DGaZvB+eB3F+EGYm4Mn2wBBkcRA+IzgbIKWkCL8BRK35KZiWsvPcY165pKhtbi+szA8/83TIgYHoiCF3Jp5M58/gKYirs8CfytoMZXsoz10KZXO9TxG7g3WoXL/mfUIVvdkUvSOKWpRs72W5PSqssS4yI3p2MHvqcZvW52Qmg610tgsqYmcr2b1jYJ+yRN+ICNx/Wr4yu51lTMnTkusWK+2FBb4YloPYgbnXQVGZhND8aRWqw6iWZ4p3/pWoWGk500NZt5TxRiODVU1k2xS96rNsexD7ibx+PruiFoq4zeTvHH5KyOhREjPLzi0V99sX11wSWEzk9dCMXbb7w5hpNe+0MvJuXI1ZbiMPt7k7wudninkXR/0ZXOnL9KWx/tNYzfxukunDOU4deHmfSWHGmf5YNh7uVz6646Jz8/zzXZUU+Mh1+OUY+ryIcvgYxthXVi5zx2NnmyJugjwafq8MYVUTN9XAuCnfOc0sPh07f1j01Rm8g6VJ/i3ui6uf0cf3pCLuGstP5Iy+lXXk2crdjEOoc+U+zlRMvinXkT/I21yWV1pYfq9Y7pEibssWnJAZDeyUGYDZJsLOxi7STnxwHkrwbIFRE/zeaIdvM2G/OSfJAcHZDKstsNIuaB9pgy+T6iQd8NuEfZn2GN5JkmDPC580fjx4ti/f8SHsfJ91TjBqL+7OdBYX/BRURbdlPo1jh+Zn6Ki4Z+niBs/2Jz9JDVxRsQIT8MydGwxV7JcVuyf8YX57kT8OtrzwtLBDsFp58ew5jijh9wlPlvOPayGNdwDOq/xRrGTWvDfhMas7MJtUInJIkZ6XAjFFYv9RzYIpaY9uJHVDtlQ9ISW1kEfaK1vyFzB5mTJpQtdSbMaUhhMg19Ld3dwEj1aPNKBp0rgajVmmNK6YijGjhPfoCUuJMyXGrGTKIATzakQKK6YaTTRKA4Yqa1IIuGQVFuO6oUixVFxOqKYlhWKyIYcsEDAtNWRKVkxOSLA2K+kRSQUrSUMJKyHFNHXDlOREWJJBfyoUk1ShSk1IViqhSGnVioG4ArN6mEkzWpPBBsjL4ExmzkorCUtVgDsERMqY9UiYEn1GMWQIzzIU2YrDEhMIpSBEkxkz9Qi4iS5EUpoGJPoK5uM6GFET4ZRpYaimNasp+ZlgxTGZFcWIqwnkMPRpUCuD/6EUGEqgZ2FVjupsPR1TIcKYoiUhI7oUVWcUZMAqy5IG6ZDiCuQuoYaAXU4mFUhjIqSAEZ5ulSVLUk5BMHFFm5UgNhOKrDEdcVXD9FoCN6awFwKJoCKlTCXMs6ncm2LOpkIs/1JEh5BBIwRlWWoiykI3FKi7ZTayMpmQMsQRDONyVL5PTYBqxQo18qSBeFg1k5o8y0ww6YSSNpNyElwDljC4aKkmU8zYk4Ye11GbJ4PVHh7auBJNabLRMwVyDLWtnq5WqX5EDRk6q1EDco0E8PUdKWBA7eOyMc0i/jzkQyxRAKECeENMAevkhHRItiS3FBiRxiIRDzqmaKaSjgGbZ3QsMOwf3jMQGB4blcb80sHhPYOjE4PSwND44ODI4GigtKi0KBCDUmQyzcrCFENwELWFVcj6AztPjxpyMjaLdhj4WZ6Cs9KsnmKSIYZQ8C6VCCP6ABMAKMQ1YEIFNAO7HDUUhaHXIx0FsZgM0NGDbOuBpLXMGZatNIOgAsVWWHUMJWQBNiKQ+5xfrOx6VEEWhEVWDsoJiA+mLFANbuqwC/MCqjMzTgH4s6nICjOESjOylpKDgErZBFTlS3ukyQTifDYTBcQkigNbQpbMpBJSI2poZeQSZDGBCGWycjisshoDcgxsXI1s2sDcYke4ySlNjassIDCCfGndmDY5sBHDOKmnATOpoKaaMWYHdPF0xwHc4D+UKjkrccCLDC03hPkYjuSCYx3v3pRiohnolSHFSIgIDOE3MpsxPaWFAaszqpLmLW5F+IwPKqlA1wjn2mI2RnALm3HIytWYBSYLryOfrhZdzgqIXiEUgR3Z6mEMkxMDUpNU39Xua5B8LV1Nze3NzatXTx6AyeaWlvZ2ePrafJKvs6O7o7u0KGZZyR6vN51Oe+KZwof0eP6eUKS9hpxmuYAtCE6BpnE9CDt0FHqWDg2+kW1SQw2psjQh494w4cTqav0M3d6YFde8cYv9XyzeuHlcZn3Cwyb/lwJpRYNZ5YtF2Mgr8ojccBnS8Wcwu4Ak8KILPwFpKRzmJ2H8a7wKZNYn8LLIrkTs0hK2P2t/xf59+1/B9w37FfuLebpkvBhkxv+CupVltpRl2lCfY4ujxXHAMeTog2c3cMv4EzEsriMxepletBO84rF/hDHwesZ0EPI/cKQYbQplbmRzdHJlYW0KZW5kb2JqCjIyIDAgb2JqCjQ3NzMKZW5kb2JqCjIwIDAgb2JqCjw8IC9UeXBlIC9Gb250Ci9TdWJ0eXBlIC9DSURGb250VHlwZTIKL0Jhc2VGb250IC9BcmlhbE1UCi9DSURTeXN0ZW1JbmZvIDw8IC9SZWdpc3RyeSAoQWRvYmUpIC9PcmRlcmluZyAoSWRlbnRpdHkpIC9TdXBwbGVtZW50IDAgPj4KL0ZvbnREZXNjcmlwdG9yIDE4IDAgUgovQ0lEVG9HSURNYXAgL0lkZW50aXR5Ci9XIFswIFs3NDQgNjYyIDU1MiA1NTIgMjc2IDU1MiA1NTIgNDk2IDU1MiA4MjYgNTUyIDQ5NiA1NTIgMjIwIDMzMCA0OTYgMjc2IDQ5NiAyNzYgNTUyIDIyMCBdCl0KPj4KZW5kb2JqCjIxIDAgb2JqCjw8IC9MZW5ndGggNTA0ID4+CnN0cmVhbQovQ0lESW5pdCAvUHJvY1NldCBmaW5kcmVzb3VyY2UgYmVnaW4KMTIgZGljdCBiZWdpbgpiZWdpbmNtYXAKL0NJRFN5c3RlbUluZm8gPDwgL1JlZ2lzdHJ5IChBZG9iZSkgL09yZGVyaW5nIChVQ1MpIC9TdXBwbGVtZW50IDAgPj4gZGVmCi9DTWFwTmFtZSAvQWRvYmUtSWRlbnRpdHktVUNTIGRlZgovQ01hcFR5cGUgMiBkZWYKMSBiZWdpbmNvZGVzcGFjZXJhbmdlCjwwMDAwPiA8RkZGRj4KZW5kY29kZXNwYWNlcmFuZ2UKMiBiZWdpbmJmcmFuZ2UKPDAwMDA+IDwwMDAwPiA8MDAwMD4KPDAwMDE+IDwwMDE0PiBbPDAwNTk+IDwwMDZGPiA8MDA3NT4gPDAwMjA+IDwwMDY4PiA8MDA2MT4gPDAwNzY+IDwwMDY1PiA8MDA2RD4gPDAwNkU+IDwwMDc5PiA8MDA2ND4gPDAwNjk+IDwwMDcyPiA8MDA2Mz4gPDAwNzQ+IDwwMDczPiA8MDAyRT4gPDAwNzA+IDwwMDZDPiBdCmVuZGJmcmFuZ2UKZW5kY21hcApDTWFwTmFtZSBjdXJyZW50ZGljdCAvQ01hcCBkZWZpbmVyZXNvdXJjZSBwb3AKZW5kCmVuZAoKZW5kc3RyZWFtCmVuZG9iago3IDAgb2JqCjw8IC9UeXBlIC9Gb250Ci9TdWJ0eXBlIC9UeXBlMAovQmFzZUZvbnQgL0FyaWFsTVQKL0VuY29kaW5nIC9JZGVudGl0eS1ICi9EZXNjZW5kYW50Rm9udHMgWzIwIDAgUl0KL1RvVW5pY29kZSAyMSAwIFI+PgplbmRvYmoKMiAwIG9iago8PAovVHlwZSAvUGFnZXMKL0tpZHMgClsKNSAwIFIKXQovQ291bnQgMQovUHJvY1NldCBbL1BERiAvVGV4dCAvSW1hZ2VCIC9JbWFnZUNdCj4+CmVuZG9iagp4cmVmCjAgMjMKMDAwMDAwMDAwMCA2NTUzNSBmIAowMDAwMDAwMDA5IDAwMDAwIG4gCjAwMDAwMTc3NjkgMDAwMDAgbiAKMDAwMDAwMDE1NyAwMDAwMCBuIAowMDAwMDAwMjUyIDAwMDAwIG4gCjAwMDAwMDAzMzggMDAwMDAgbiAKMDAwMDAxMTUwNCAwMDAwMCBuIAowMDAwMDE3NjM2IDAwMDAwIG4gCjAwMDAwMDAyODkgMDAwMDAgbiAKMDAwMDAwMDY1NCAwMDAwMCBuIAowMDAwMDAxMzM3IDAwMDAwIG4gCjAwMDAwMDA0NTggMDAwMDAgbiAKMDAwMDAwMDYzNCAwMDAwMCBuIAowMDAwMDAxMzU3IDAwMDAwIG4gCjAwMDAwMDE2MjQgMDAwMDAgbiAKMDAwMDAxMDMyOCAwMDAwMCBuIAowMDAwMDEwNzQ1IDAwMDAwIG4gCjAwMDAwMTAzMDcgMDAwMDAgbiAKMDAwMDAxMTY0NyAwMDAwMCBuIAowMDAwMDExOTA0IDAwMDAwIG4gCjAwMDAwMTY3ODkgMDAwMDAgbiAKMDAwMDAxNzA4MCAwMDAwMCBuIAowMDAwMDE2NzY4IDAwMDAwIG4gCnRyYWlsZXIKPDwKL1NpemUgMjMKL0luZm8gMSAwIFIKL1Jvb3QgOCAwIFIKPj4Kc3RhcnR4cmVmCjE3ODY3CiUlRU9GCg==",
  "validation": {
    "validated": true,
    "log": []
  }
}
